Component: ARM Compiler 5.06 update 6 (build 750) Tool: armlink [4d35ed]

==============================================================================

Section Cross References

    startup_stm32g070xx.o(RESET) refers to startup_stm32g070xx.o(STACK) for __initial_sp
    startup_stm32g070xx.o(RESET) refers to startup_stm32g070xx.o(.text) for Reset_Handler
    startup_stm32g070xx.o(RESET) refers to stm32g0xx_it.o(i.NMI_Handler) for NMI_Handler
    startup_stm32g070xx.o(RESET) refers to context_rvds.o(.text) for HardFault_Handler
    startup_stm32g070xx.o(RESET) refers to stm32g0xx_it.o(i.SVC_Handler) for SVC_Handler
    startup_stm32g070xx.o(RESET) refers to board.o(i.SysTick_Handler) for SysTick_Handler
    startup_stm32g070xx.o(RESET) refers to stm32g0xx_it.o(i.USART1_IRQHandler) for USART1_IRQHandler
    startup_stm32g070xx.o(RESET) refers to stm32g0xx_it.o(i.USART2_IRQHandler) for USART2_IRQHandler
    startup_stm32g070xx.o(.text) refers to system_stm32g0xx.o(i.SystemInit) for SystemInit
    startup_stm32g070xx.o(.text) refers to entry.o(.ARM.Collect$$$$00000000) for __main
    main.o(i.SystemClock_Config) refers to memseta.o(.text) for __aeabi_memclr4
    main.o(i.SystemClock_Config) refers to stm32g0xx_hal_pwr_ex.o(i.HAL_PWREx_ControlVoltageScaling) for HAL_PWREx_ControlVoltageScaling
    main.o(i.SystemClock_Config) refers to stm32g0xx_hal_rcc.o(i.HAL_RCC_OscConfig) for HAL_RCC_OscConfig
    main.o(i.SystemClock_Config) refers to stm32g0xx_hal_rcc.o(i.HAL_RCC_ClockConfig) for HAL_RCC_ClockConfig
    main.o(i.SystemClock_Config) refers to stm32g0xx_hal_rcc_ex.o(i.HAL_RCCEx_PeriphCLKConfig) for HAL_RCCEx_PeriphCLKConfig
    main.o(i.main) refers to gpio.o(i.MX_GPIO_Init) for MX_GPIO_Init
    main.o(i.main) refers to kservice.o(i.rt_kprintf) for rt_kprintf
    main.o(i.main) refers to led.o(i.LED_Toggle) for LED_Toggle
    main.o(i.main) refers to thread.o(i.rt_thread_mdelay) for rt_thread_mdelay
    gpio.o(i.MX_GPIO_Init) refers to memseta.o(.text) for __aeabi_memclr4
    gpio.o(i.MX_GPIO_Init) refers to stm32g0xx_hal_gpio.o(i.HAL_GPIO_WritePin) for HAL_GPIO_WritePin
    gpio.o(i.MX_GPIO_Init) refers to stm32g0xx_hal_gpio.o(i.HAL_GPIO_Init) for HAL_GPIO_Init
    usart.o(i.HAL_UART_MspDeInit) refers to stm32g0xx_hal_gpio.o(i.HAL_GPIO_DeInit) for HAL_GPIO_DeInit
    usart.o(i.HAL_UART_MspDeInit) refers to stm32g0xx_hal_cortex.o(i.HAL_NVIC_DisableIRQ) for HAL_NVIC_DisableIRQ
    usart.o(i.HAL_UART_MspInit) refers to memseta.o(.text) for __aeabi_memclr4
    usart.o(i.HAL_UART_MspInit) refers to stm32g0xx_hal_gpio.o(i.HAL_GPIO_Init) for HAL_GPIO_Init
    usart.o(i.HAL_UART_MspInit) refers to stm32g0xx_hal_cortex.o(i.HAL_NVIC_SetPriority) for HAL_NVIC_SetPriority
    usart.o(i.HAL_UART_MspInit) refers to stm32g0xx_hal_cortex.o(i.HAL_NVIC_EnableIRQ) for HAL_NVIC_EnableIRQ
    usart.o(i.MX_USART1_UART_Init) refers to stm32g0xx_hal_uart.o(i.HAL_UART_Init) for HAL_UART_Init
    usart.o(i.MX_USART1_UART_Init) refers to main.o(i.Error_Handler) for Error_Handler
    usart.o(i.MX_USART1_UART_Init) refers to stm32g0xx_hal_uart_ex.o(i.HAL_UARTEx_SetTxFifoThreshold) for HAL_UARTEx_SetTxFifoThreshold
    usart.o(i.MX_USART1_UART_Init) refers to stm32g0xx_hal_uart_ex.o(i.HAL_UARTEx_SetRxFifoThreshold) for HAL_UARTEx_SetRxFifoThreshold
    usart.o(i.MX_USART1_UART_Init) refers to stm32g0xx_hal_uart_ex.o(i.HAL_UARTEx_DisableFifoMode) for HAL_UARTEx_DisableFifoMode
    usart.o(i.MX_USART1_UART_Init) refers to usart.o(.bss) for .bss
    usart.o(i.MX_USART2_UART_Init) refers to stm32g0xx_hal_uart.o(i.HAL_UART_Init) for HAL_UART_Init
    usart.o(i.MX_USART2_UART_Init) refers to main.o(i.Error_Handler) for Error_Handler
    usart.o(i.MX_USART2_UART_Init) refers to stm32g0xx_hal_uart_ex.o(i.HAL_UARTEx_SetTxFifoThreshold) for HAL_UARTEx_SetTxFifoThreshold
    usart.o(i.MX_USART2_UART_Init) refers to stm32g0xx_hal_uart_ex.o(i.HAL_UARTEx_SetRxFifoThreshold) for HAL_UARTEx_SetRxFifoThreshold
    usart.o(i.MX_USART2_UART_Init) refers to stm32g0xx_hal_uart_ex.o(i.HAL_UARTEx_DisableFifoMode) for HAL_UARTEx_DisableFifoMode
    usart.o(i.MX_USART2_UART_Init) refers to usart.o(.bss) for .bss
    usart.o(i.User_USART_Init) refers to usart.o(i.MX_USART1_UART_Init) for MX_USART1_UART_Init
    usart.o(i.User_USART_Init) refers to usart.o(i.MX_USART2_UART_Init) for MX_USART2_UART_Init
    stm32g0xx_it.o(i.USART1_IRQHandler) refers to stm32g0xx_hal_uart.o(i.HAL_UART_IRQHandler) for HAL_UART_IRQHandler
    stm32g0xx_it.o(i.USART1_IRQHandler) refers to usart.o(.bss) for huart1
    stm32g0xx_it.o(i.USART2_IRQHandler) refers to stm32g0xx_hal_uart.o(i.HAL_UART_IRQHandler) for HAL_UART_IRQHandler
    stm32g0xx_it.o(i.USART2_IRQHandler) refers to usart.o(.bss) for huart2
    led.o(i.LED_Toggle) refers to stm32g0xx_hal_gpio.o(i.HAL_GPIO_TogglePin) for HAL_GPIO_TogglePin
    led.o(i.LED_TurnOff) refers to stm32g0xx_hal_gpio.o(i.HAL_GPIO_WritePin) for HAL_GPIO_WritePin
[...]
    timer.o(i.rt_timer_detach) refers to context_rvds.o(.text) for rt_hw_interrupt_disable
    timer.o(i.rt_timer_detach) refers to timer.o(i._rt_timer_remove) for _rt_timer_remove
    timer.o(i.rt_timer_detach) refers to object.o(i.rt_object_detach) for rt_object_detach
    timer.o(i.rt_timer_init) refers to object.o(i.rt_object_init) for rt_object_init
    timer.o(i.rt_timer_next_timeout_tick) refers to timer.o(.data) for .data
    timer.o(i.rt_timer_start) refers to context_rvds.o(.text) for rt_hw_interrupt_disable
    timer.o(i.rt_timer_start) refers to timer.o(i._rt_timer_remove) for _rt_timer_remove
    timer.o(i.rt_timer_start) refers to clock.o(i.rt_tick_get) for rt_tick_get
    timer.o(i.rt_timer_start) refers to timer.o(i.rt_list_insert_after) for rt_list_insert_after
    timer.o(i.rt_timer_start) refers to timer.o(.data) for .data
    timer.o(i.rt_timer_stop) refers to context_rvds.o(.text) for rt_hw_interrupt_disable
    timer.o(i.rt_timer_stop) refers to timer.o(i._rt_timer_remove) for _rt_timer_remove
    cpuport.o(i.rt_hw_hard_fault_exception) refers to kservice.o(i.rt_kprintf) for rt_kprintf
    cpuport.o(i.rt_hw_hard_fault_exception) refers to scheduler.o(.data) for rt_current_thread
    entry.o(.ARM.Collect$$$$00000000) refers (Special) to entry10a.o(.ARM.Collect$$$$0000000D) for __rt_final_cpp
    entry.o(.ARM.Collect$$$$00000000) refers (Special) to entry11a.o(.ARM.Collect$$$$0000000F) for __rt_final_exit
    entry.o(.ARM.Collect$$$$00000000) refers (Special) to entry7b.o(.ARM.Collect$$$$00000008) for _main_clock
    entry.o(.ARM.Collect$$$$00000000) refers (Special) to entry8b.o(.ARM.Collect$$$$0000000A) for _main_cpp_init
    entry.o(.ARM.Collect$$$$00000000) refers (Special) to entry9a.o(.ARM.Collect$$$$0000000B) for _main_init
    entry.o(.ARM.Collect$$$$00000000) refers (Special) to entry5.o(.ARM.Collect$$$$00000004) for _main_scatterload
    entry.o(.ARM.Collect$$$$00000000) refers (Special) to entry2.o(.ARM.Collect$$$$00000001) for _main_stk
    idiv.o(.text) refers to uidiv.o(.text) for __aeabi_uidivmod
    entry2.o(.ARM.Collect$$$$00000001) refers to entry2.o(.ARM.Collect$$$$00002712) for __lit__00000000
    entry2.o(.ARM.Collect$$$$00002712) refers to startup_stm32g070xx.o(STACK) for __initial_sp
    entry2.o(__vectab_stack_and_reset_area) refers to startup_stm32g070xx.o(STACK) for __initial_sp
    entry2.o(__vectab_stack_and_reset_area) refers to entry.o(.ARM.Collect$$$$00000000) for __main
    entry5.o(.ARM.Collect$$$$00000004) refers to init.o(.text) for __scatterload
    entry9a.o(.ARM.Collect$$$$0000000B) refers to components.o(i.$Sub$$main) for main
    entry9b.o(.ARM.Collect$$$$0000000C) refers to components.o(i.$Sub$$main) for main
    init.o(.text) refers to entry5.o(.ARM.Collect$$$$00000004) for __main_after_scatterload


==============================================================================

Removing Unused input sections from the image.

    Removing startup_stm32g070xx.o(HEAP), (512 bytes).
    Removing main.o(.rev16_text), (4 bytes).
    Removing main.o(.revsh_text), (4 bytes).
    Removing main.o(i.SystemClock_Config), (112 bytes).
    Removing gpio.o(.rev16_text), (4 bytes).
    Removing gpio.o(.revsh_text), (4 bytes).
    Removing app_rtthread.o(i.MX_RT_Thread_Init), (2 bytes).
    Removing app_rtthread.o(i.MX_RT_Thread_Process), (2 bytes).
    Removing sys.o(.rev16_text), (4 bytes).
    Removing sys.o(.revsh_text), (4 bytes).
    Removing sys.o(i.MX_SYS_Init), (2 bytes).
    Removing usart.o(.rev16_text), (4 bytes).
    Removing usart.o(.revsh_text), (4 bytes).
    Removing usart.o(i.HAL_UART_MspDeInit), (88 bytes).
    Removing stm32g0xx_it.o(.rev16_text), (4 bytes).
    Removing stm32g0xx_it.o(.revsh_text), (4 bytes).
    Removing stm32g0xx_hal_msp.o(.rev16_text), (4 bytes).
    Removing stm32g0xx_hal_msp.o(.revsh_text), (4 bytes).
    Removing stm32g0xx_hal_msp.o(i.HAL_MspInit), (44 bytes).
    Removing led.o(.rev16_text), (4 bytes).
    Removing led.o(.revsh_text), (4 bytes).
    Removing led.o(i.LED_TurnOff), (16 bytes).
    Removing led.o(i.LED_TurnOn), (16 bytes).
    Removing stm32g0xx_hal_gpio.o(.rev16_text), (4 bytes).
    Removing stm32g0xx_hal_gpio.o(.revsh_text), (4 bytes).
    Removing stm32g0xx_hal_gpio.o(i.HAL_GPIO_DeInit), (212 bytes).
    Removing stm32g0xx_hal_gpio.o(i.HAL_GPIO_EXTI_Falling_Callback), (2 bytes).
    Removing stm32g0xx_hal_gpio.o(i.HAL_GPIO_EXTI_IRQHandler), (40 bytes).
    Removing stm32g0xx_hal_gpio.o(i.HAL_GPIO_EXTI_Rising_Callback), (2 bytes).
    Removing stm32g0xx_hal_gpio.o(i.HAL_GPIO_LockPin), (36 bytes).
    Removing stm32g0xx_hal_gpio.o(i.HAL_GPIO_ReadPin), (10 bytes).
    Removing stm32g0xx_hal_rcc.o(.rev16_text), (4 bytes).
    Removing stm32g0xx_hal_rcc.o(.revsh_text), (4 bytes).
    Removing stm32g0xx_hal_rcc.o(i.HAL_RCC_CSSCallback), (2 bytes).
    Removing stm32g0xx_hal_rcc.o(i.HAL_RCC_ClockConfig), (344 bytes).
    Removing stm32g0xx_hal_rcc.o(i.HAL_RCC_DeInit), (164 bytes).
    Removing stm32g0xx_hal_rcc.o(i.HAL_RCC_DisableLSECSS), (16 bytes).
    Removing stm32g0xx_hal_rcc.o(i.HAL_RCC_EnableCSS), (20 bytes).
    Removing stm32g0xx_hal_rcc.o(i.HAL_RCC_EnableLSECSS), (16 bytes).
    Removing stm32g0xx_hal_rcc.o(i.HAL_RCC_GetClockConfig), (56 bytes).
    Removing stm32g0xx_hal_rcc.o(i.HAL_RCC_GetHCLKFreq), (12 bytes).
    Removing stm32g0xx_hal_rcc.o(i.HAL_RCC_GetOscConfig), (176 bytes).
    Removing stm32g0xx_hal_rcc.o(i.HAL_RCC_LSECSSCallback), (2 bytes).
    Removing stm32g0xx_hal_rcc.o(i.HAL_RCC_MCOConfig), (76 bytes).
    Removing stm32g0xx_hal_rcc.o(i.HAL_RCC_NMI_IRQHandler), (36 bytes).
    Removing stm32g0xx_hal_rcc.o(i.HAL_RCC_OscConfig), (992 bytes).
    Removing stm32g0xx_hal_rcc_ex.o(.rev16_text), (4 bytes).
    Removing stm32g0xx_hal_rcc_ex.o(.revsh_text), (4 bytes).
    Removing stm32g0xx_hal_rcc_ex.o(i.HAL_RCCEx_DisableLSCO), (92 bytes).
    Removing stm32g0xx_hal_rcc_ex.o(i.HAL_RCCEx_EnableLSCO), (140 bytes).
    Removing stm32g0xx_hal_rcc_ex.o(i.HAL_RCCEx_GetPeriphCLKConfig), (64 bytes).
    Removing stm32g0xx_hal_rcc_ex.o(i.HAL_RCCEx_GetPeriphCLKFreq), (392 bytes).
    Removing stm32g0xx_hal_rcc_ex.o(i.HAL_RCCEx_PeriphCLKConfig), (352 bytes).
    Removing stm32g0xx_hal_flash.o(.rev16_text), (4 bytes).
    Removing stm32g0xx_hal_flash.o(.revsh_text), (4 bytes).
    Removing stm32g0xx_hal_flash.o(i.FLASH_Program_DoubleWord), (28 bytes).
    Removing stm32g0xx_hal_flash.o(i.FLASH_Program_Fast), (52 bytes).
    Removing stm32g0xx_hal_flash.o(i.FLASH_WaitForLastOperation), (116 bytes).
    Removing stm32g0xx_hal_flash.o(i.HAL_FLASH_EndOfOperationCallback), (2 bytes).
    Removing stm32g0xx_hal_flash.o(i.HAL_FLASH_GetError), (12 bytes).
    Removing stm32g0xx_hal_flash.o(i.HAL_FLASH_IRQHandler), (188 bytes).
    Removing stm32g0xx_hal_flash.o(i.HAL_FLASH_Lock), (28 bytes).
    Removing stm32g0xx_hal_flash.o(i.HAL_FLASH_OB_Launch), (20 bytes).
    Removing stm32g0xx_hal_flash.o(i.HAL_FLASH_OB_Lock), (28 bytes).
    Removing stm32g0xx_hal_flash.o(i.HAL_FLASH_OB_Unlock), (40 bytes).
    Removing stm32g0xx_hal_flash.o(i.HAL_FLASH_OperationErrorCallback), (2 bytes).
    Removing stm32g0xx_hal_flash.o(i.HAL_FLASH_Program), (96 bytes).
    Removing stm32g0xx_hal_flash.o(i.HAL_FLASH_Program_IT), (112 bytes).
    Removing stm32g0xx_hal_flash.o(i.HAL_FLASH_Unlock), (40 bytes).
    Removing stm32g0xx_hal_flash.o(.bss), (24 bytes).
    Removing stm32g0xx_hal_flash_ex.o(.rev16_text), (4 bytes).
    Removing stm32g0xx_hal_flash_ex.o(.revsh_text), (4 bytes).
    Removing stm32g0xx_hal_flash_ex.o(i.FLASH_FlushCaches), (44 bytes).
    Removing stm32g0xx_hal_flash_ex.o(i.FLASH_MassErase), (20 bytes).
    Removing stm32g0xx_hal_flash_ex.o(i.FLASH_OB_GetRDP), (24 bytes).
    Removing stm32g0xx_hal_flash_ex.o(i.FLASH_OB_GetUser), (20 bytes).
    Removing stm32g0xx_hal_flash_ex.o(i.FLASH_OB_OptrConfig), (24 bytes).
    Removing stm32g0xx_hal_flash_ex.o(i.FLASH_PageErase), (32 bytes).
    Removing stm32g0xx_hal_flash_ex.o(i.HAL_FLASHEx_Erase), (128 bytes).
    Removing stm32g0xx_hal_flash_ex.o(i.HAL_FLASHEx_Erase_IT), (96 bytes).
    Removing stm32g0xx_hal_flash_ex.o(i.HAL_FLASHEx_FlashEmptyCheck), (16 bytes).
    Removing stm32g0xx_hal_flash_ex.o(i.HAL_FLASHEx_ForceFlashEmpty), (20 bytes).
    Removing stm32g0xx_hal_flash_ex.o(i.HAL_FLASHEx_OBGetConfig), (72 bytes).
    Removing stm32g0xx_hal_flash_ex.o(i.HAL_FLASHEx_OBProgram), (152 bytes).
    Removing stm32g0xx_hal_dma.o(.rev16_text), (4 bytes).
    Removing stm32g0xx_hal_dma.o(.revsh_text), (4 bytes).
    Removing stm32g0xx_hal_dma.o(i.DMA_CalcDMAMUXChannelBaseAndMask), (48 bytes).
    Removing stm32g0xx_hal_dma.o(i.DMA_CalcDMAMUXRequestGenBaseAndMask), (36 bytes).
    Removing stm32g0xx_hal_dma.o(i.DMA_SetConfig), (72 bytes).
    Removing stm32g0xx_hal_dma.o(i.HAL_DMA_Abort), (116 bytes).
    Removing stm32g0xx_hal_dma.o(i.HAL_DMA_DeInit), (132 bytes).
    Removing stm32g0xx_hal_dma.o(i.HAL_DMA_GetError), (4 bytes).
    Removing stm32g0xx_hal_dma.o(i.HAL_DMA_GetState), (6 bytes).
    Removing stm32g0xx_hal_dma.o(i.HAL_DMA_IRQHandler), (184 bytes).
    Removing stm32g0xx_hal_dma.o(i.HAL_DMA_Init), (160 bytes).
    Removing stm32g0xx_hal_dma.o(i.HAL_DMA_PollForTransfer), (272 bytes).
    Removing stm32g0xx_hal_dma.o(i.HAL_DMA_RegisterCallback), (72 bytes).
    Removing stm32g0xx_hal_dma.o(i.HAL_DMA_Start), (80 bytes).
    Removing stm32g0xx_hal_dma.o(i.HAL_DMA_Start_IT), (144 bytes).
    Removing stm32g0xx_hal_dma.o(i.HAL_DMA_UnRegisterCallback), (78 bytes).
    Removing stm32g0xx_hal_dma_ex.o(.rev16_text), (4 bytes).
    Removing stm32g0xx_hal_dma_ex.o(.revsh_text), (4 bytes).
    Removing stm32g0xx_hal_dma_ex.o(i.HAL_DMAEx_ConfigMuxRequestGenerator), (60 bytes).
    Removing stm32g0xx_hal_dma_ex.o(i.HAL_DMAEx_ConfigMuxSync), (78 bytes).
    Removing stm32g0xx_hal_dma_ex.o(i.HAL_DMAEx_DisableMuxRequestGenerator), (32 bytes).
    Removing stm32g0xx_hal_dma_ex.o(i.HAL_DMAEx_EnableMuxRequestGenerator), (32 bytes).
    Removing stm32g0xx_hal_dma_ex.o(i.HAL_DMAEx_MUX_IRQHandler), (104 bytes).
    Removing stm32g0xx_hal_pwr.o(.rev16_text), (4 bytes).
    Removing stm32g0xx_hal_pwr.o(.revsh_text), (4 bytes).
    Removing stm32g0xx_hal_pwr.o(i.HAL_PWR_DeInit), (24 bytes).
    Removing stm32g0xx_hal_pwr.o(i.HAL_PWR_DisableBkUpAccess), (16 bytes).
    Removing stm32g0xx_hal_pwr.o(i.HAL_PWR_DisableSEVOnPend), (16 bytes).
    Removing stm32g0xx_hal_pwr.o(i.HAL_PWR_DisableSleepOnExit), (16 bytes).
    Removing stm32g0xx_hal_pwr.o(i.HAL_PWR_DisableWakeUpPin), (20 bytes).
    Removing stm32g0xx_hal_pwr.o(i.HAL_PWR_EnableBkUpAccess), (16 bytes).
    Removing stm32g0xx_hal_pwr.o(i.HAL_PWR_EnableSEVOnPend), (16 bytes).
    Removing stm32g0xx_hal_pwr.o(i.HAL_PWR_EnableSleepOnExit), (16 bytes).
    Removing stm32g0xx_hal_pwr.o(i.HAL_PWR_EnableWakeUpPin), (28 bytes).
    Removing stm32g0xx_hal_pwr.o(i.HAL_PWR_EnterSLEEPMode), (68 bytes).
    Removing stm32g0xx_hal_pwr.o(i.HAL_PWR_EnterSTANDBYMode), (36 bytes).
    Removing stm32g0xx_hal_pwr.o(i.HAL_PWR_EnterSTOPMode), (64 bytes).
    Removing stm32g0xx_hal_pwr_ex.o(.rev16_text), (4 bytes).
    Removing stm32g0xx_hal_pwr_ex.o(.revsh_text), (4 bytes).
    Removing stm32g0xx_hal_pwr_ex.o(i.HAL_PWREx_ControlVoltageScaling), (76 bytes).
    Removing stm32g0xx_hal_pwr_ex.o(i.HAL_PWREx_DisableBatteryCharging), (16 bytes).
    Removing stm32g0xx_hal_pwr_ex.o(i.HAL_PWREx_DisableFlashPowerDown), (16 bytes).
    Removing stm32g0xx_hal_pwr_ex.o(i.HAL_PWREx_DisableGPIOPullDown), (80 bytes).
    Removing stm32g0xx_hal_pwr_ex.o(i.HAL_PWREx_DisableGPIOPullUp), (80 bytes).
    Removing stm32g0xx_hal_pwr_ex.o(i.HAL_PWREx_DisableInternalWakeUpLine), (16 bytes).
    Removing stm32g0xx_hal_pwr_ex.o(i.HAL_PWREx_DisableLowPowerRunMode), (64 bytes).
    Removing stm32g0xx_hal_pwr_ex.o(i.HAL_PWREx_DisablePullUpPullDownConfig), (16 bytes).
    Removing stm32g0xx_hal_pwr_ex.o(i.HAL_PWREx_EnableBatteryCharging), (24 bytes).
    Removing stm32g0xx_hal_pwr_ex.o(i.HAL_PWREx_EnableFlashPowerDown), (16 bytes).
    Removing stm32g0xx_hal_pwr_ex.o(i.HAL_PWREx_EnableGPIOPullDown), (116 bytes).
    Removing stm32g0xx_hal_pwr_ex.o(i.HAL_PWREx_EnableGPIOPullUp), (116 bytes).
    Removing stm32g0xx_hal_pwr_ex.o(i.HAL_PWREx_EnableInternalWakeUpLine), (16 bytes).
    Removing stm32g0xx_hal_pwr_ex.o(i.HAL_PWREx_EnableLowPowerRunMode), (16 bytes).
    Removing stm32g0xx_hal_pwr_ex.o(i.HAL_PWREx_EnablePullUpPullDownConfig), (16 bytes).
    Removing stm32g0xx_hal_pwr_ex.o(i.HAL_PWREx_GetVoltageRange), (16 bytes).
    Removing stm32g0xx_hal_cortex.o(.rev16_text), (4 bytes).
    Removing stm32g0xx_hal_cortex.o(.revsh_text), (4 bytes).
    Removing stm32g0xx_hal_cortex.o(i.HAL_MPU_ConfigRegion), (84 bytes).
    Removing stm32g0xx_hal_cortex.o(i.HAL_MPU_Disable), (16 bytes).
    Removing stm32g0xx_hal_cortex.o(i.HAL_MPU_Enable), (24 bytes).
    Removing stm32g0xx_hal_cortex.o(i.HAL_NVIC_ClearPendingIRQ), (24 bytes).
    Removing stm32g0xx_hal_cortex.o(i.HAL_NVIC_DisableIRQ), (32 bytes).
    Removing stm32g0xx_hal_cortex.o(i.HAL_NVIC_GetPendingIRQ), (32 bytes).
    Removing stm32g0xx_hal_cortex.o(i.HAL_NVIC_GetPriority), (52 bytes).
    Removing stm32g0xx_hal_cortex.o(i.HAL_NVIC_SetPendingIRQ), (24 bytes).
    Removing stm32g0xx_hal_cortex.o(i.HAL_NVIC_SystemReset), (28 bytes).
    Removing stm32g0xx_hal_cortex.o(i.HAL_SYSTICK_CLKSourceConfig), (24 bytes).
    Removing stm32g0xx_hal_cortex.o(i.HAL_SYSTICK_Callback), (2 bytes).
    Removing stm32g0xx_hal_cortex.o(i.HAL_SYSTICK_Config), (48 bytes).
    Removing stm32g0xx_hal_cortex.o(i.HAL_SYSTICK_IRQHandler), (8 bytes).
    Removing stm32g0xx_hal.o(.rev16_text), (4 bytes).
    Removing stm32g0xx_hal.o(.revsh_text), (4 bytes).
    Removing stm32g0xx_hal.o(i.HAL_DBGMCU_DisableDBGStandbyMode), (16 bytes).
    Removing stm32g0xx_hal.o(i.HAL_DBGMCU_DisableDBGStopMode), (16 bytes).
    Removing stm32g0xx_hal.o(i.HAL_DBGMCU_EnableDBGStandbyMode), (16 bytes).
    Removing stm32g0xx_hal.o(i.HAL_DBGMCU_EnableDBGStopMode), (16 bytes).
    Removing stm32g0xx_hal.o(i.HAL_DeInit), (40 bytes).
    Removing stm32g0xx_hal.o(i.HAL_Delay), (36 bytes).
    Removing stm32g0xx_hal.o(i.HAL_GetDEVID), (16 bytes).
    Removing stm32g0xx_hal.o(i.HAL_GetHalVersion), (8 bytes).
    Removing stm32g0xx_hal.o(i.HAL_GetREVID), (12 bytes).
    Removing stm32g0xx_hal.o(i.HAL_GetTickFreq), (12 bytes).
    Removing stm32g0xx_hal.o(i.HAL_GetTickPrio), (12 bytes).
    Removing stm32g0xx_hal.o(i.HAL_GetUIDw0), (12 bytes).
    Removing stm32g0xx_hal.o(i.HAL_GetUIDw1), (12 bytes).
    Removing stm32g0xx_hal.o(i.HAL_GetUIDw2), (12 bytes).
    Removing stm32g0xx_hal.o(i.HAL_IncTick), (16 bytes).
    Removing stm32g0xx_hal.o(i.HAL_Init), (40 bytes).
    Removing stm32g0xx_hal.o(i.HAL_InitTick), (72 bytes).
    Removing stm32g0xx_hal.o(i.HAL_MspDeInit), (2 bytes).
    Removing stm32g0xx_hal.o(i.HAL_MspInit), (2 bytes).
    Removing stm32g0xx_hal.o(i.HAL_ResumeTick), (16 bytes).
    Removing stm32g0xx_hal.o(i.HAL_SYSCFG_DisableIOAnalogSwitchBooster), (16 bytes).
    Removing stm32g0xx_hal.o(i.HAL_SYSCFG_DisableRemap), (16 bytes).
    Removing stm32g0xx_hal.o(i.HAL_SYSCFG_EnableIOAnalogSwitchBooster), (16 bytes).
    Removing stm32g0xx_hal.o(i.HAL_SYSCFG_EnableRemap), (16 bytes).
    Removing stm32g0xx_hal.o(i.HAL_SYSCFG_StrobeDBattpinsConfig), (20 bytes).
    Removing stm32g0xx_hal.o(i.HAL_SetTickFreq), (32 bytes).
    Removing stm32g0xx_hal.o(i.HAL_SuspendTick), (16 bytes).
    Removing stm32g0xx_hal_exti.o(.rev16_text), (4 bytes).
    Removing stm32g0xx_hal_exti.o(.revsh_text), (4 bytes).
    Removing stm32g0xx_hal_exti.o(i.HAL_EXTI_ClearConfigLine), (120 bytes).
    Removing stm32g0xx_hal_exti.o(i.HAL_EXTI_ClearPending), (40 bytes).
    Removing stm32g0xx_hal_exti.o(i.HAL_EXTI_GenerateSWI), (28 bytes).
    Removing stm32g0xx_hal_exti.o(i.HAL_EXTI_GetConfigLine), (168 bytes).
    Removing stm32g0xx_hal_exti.o(i.HAL_EXTI_GetHandle), (14 bytes).
    Removing stm32g0xx_hal_exti.o(i.HAL_EXTI_GetPending), (44 bytes).
    Removing stm32g0xx_hal_exti.o(i.HAL_EXTI_IRQHandler), (68 bytes).
    Removing stm32g0xx_hal_exti.o(i.HAL_EXTI_RegisterCallback), (30 bytes).
    Removing stm32g0xx_hal_exti.o(i.HAL_EXTI_SetConfigLine), (172 bytes).
    Removing stm32g0xx_hal_tim.o(.rev16_text), (4 bytes).
    Removing stm32g0xx_hal_tim.o(.revsh_text), (4 bytes).
    Removing stm32g0xx_hal_tim_ex.o(.rev16_text), (4 bytes).
    Removing stm32g0xx_hal_tim_ex.o(.revsh_text), (4 bytes).
    Removing stm32g0xx_hal_uart.o(.rev16_text), (4 bytes).
    Removing stm32g0xx_hal_uart.o(.revsh_text), (4 bytes).
    Removing stm32g0xx_hal_uart.o(i.HAL_HalfDuplex_EnableReceiver), (58 bytes).
    Removing stm32g0xx_hal_uart.o(i.HAL_HalfDuplex_EnableTransmitter), (58 bytes).
    Removing stm32g0xx_hal_uart.o(i.HAL_HalfDuplex_Init), (122 bytes).
    Removing stm32g0xx_hal_uart.o(i.HAL_LIN_Init), (152 bytes).
    Removing stm32g0xx_hal_uart.o(i.HAL_LIN_SendBreak), (48 bytes).
    Removing stm32g0xx_hal_uart.o(i.HAL_MultiProcessor_DisableMuteMode), (50 bytes).
    Removing stm32g0xx_hal_uart.o(i.HAL_MultiProcessor_EnableMuteMode), (50 bytes).
    Removing stm32g0xx_hal_uart.o(i.HAL_MultiProcessor_EnterMuteMode), (12 bytes).
    Removing stm32g0xx_hal_uart.o(i.HAL_MultiProcessor_Init), (148 bytes).
    Removing stm32g0xx_hal_uart.o(i.HAL_UART_Abort), (188 bytes).
    Removing stm32g0xx_hal_uart.o(i.HAL_UART_AbortCpltCallback), (2 bytes).
    Removing stm32g0xx_hal_uart.o(i.HAL_UART_AbortReceive), (120 bytes).
    Removing stm32g0xx_hal_uart.o(i.HAL_UART_AbortReceiveCpltCallback), (2 bytes).
    Removing stm32g0xx_hal_uart.o(i.HAL_UART_AbortReceive_IT), (132 bytes).
    Removing stm32g0xx_hal_uart.o(i.HAL_UART_AbortTransmit), (116 bytes).
    Removing stm32g0xx_hal_uart.o(i.HAL_UART_AbortTransmitCpltCallback), (2 bytes).
    Removing stm32g0xx_hal_uart.o(i.HAL_UART_AbortTransmit_IT), (128 bytes).
    Removing stm32g0xx_hal_uart.o(i.HAL_UART_Abort_IT), (232 bytes).
    Removing stm32g0xx_hal_uart.o(i.HAL_UART_DMAPause), (96 bytes).
    Removing stm32g0xx_hal_uart.o(i.HAL_UART_DMAResume), (90 bytes).
    Removing stm32g0xx_hal_uart.o(i.HAL_UART_DMAStop), (126 bytes).
    Removing stm32g0xx_hal_uart.o(i.HAL_UART_DeInit), (64 bytes).
    Removing stm32g0xx_hal_uart.o(i.HAL_UART_GetError), (6 bytes).
    Removing stm32g0xx_hal_uart.o(i.HAL_UART_GetState), (12 bytes).
    Removing stm32g0xx_hal_uart.o(i.HAL_UART_MspDeInit), (2 bytes).
    Removing stm32g0xx_hal_uart.o(i.HAL_UART_MspInit), (2 bytes).
    Removing stm32g0xx_hal_uart.o(i.HAL_UART_Receive), (280 bytes).
    Removing stm32g0xx_hal_uart.o(i.HAL_UART_Receive_DMA), (188 bytes).
    Removing stm32g0xx_hal_uart.o(i.HAL_UART_Receive_IT), (276 bytes).
    Removing stm32g0xx_hal_uart.o(i.HAL_UART_RxCpltCallback), (2 bytes).
    Removing stm32g0xx_hal_uart.o(i.HAL_UART_RxHalfCpltCallback), (2 bytes).
    Removing stm32g0xx_hal_uart.o(i.HAL_UART_Transmit_DMA), (180 bytes).
    Removing stm32g0xx_hal_uart.o(i.HAL_UART_Transmit_IT), (172 bytes).
    Removing stm32g0xx_hal_uart.o(i.HAL_UART_TxHalfCpltCallback), (2 bytes).
    Removing stm32g0xx_hal_uart.o(i.UART_DMAError), (78 bytes).
    Removing stm32g0xx_hal_uart.o(i.UART_DMAReceiveCplt), (64 bytes).
    Removing stm32g0xx_hal_uart.o(i.UART_DMARxAbortCallback), (62 bytes).
    Removing stm32g0xx_hal_uart.o(i.UART_DMARxHalfCplt), (10 bytes).
    Removing stm32g0xx_hal_uart.o(i.UART_DMARxOnlyAbortCallback), (38 bytes).
    Removing stm32g0xx_hal_uart.o(i.UART_DMATransmitCplt), (48 bytes).
    Removing stm32g0xx_hal_uart.o(i.UART_DMATxAbortCallback), (72 bytes).
    Removing stm32g0xx_hal_uart.o(i.UART_DMATxHalfCplt), (10 bytes).
    Removing stm32g0xx_hal_uart.o(i.UART_DMATxOnlyAbortCallback), (42 bytes).
    Removing stm32g0xx_hal_uart.o(i.UART_EndTxTransfer), (30 bytes).
    Removing stm32g0xx_hal_uart.o(i.UART_RxISR_16BIT), (94 bytes).
    Removing stm32g0xx_hal_uart.o(i.UART_RxISR_16BIT_FIFOEN), (160 bytes).
    Removing stm32g0xx_hal_uart.o(i.UART_RxISR_8BIT), (94 bytes).
    Removing stm32g0xx_hal_uart.o(i.UART_RxISR_8BIT_FIFOEN), (160 bytes).
    Removing stm32g0xx_hal_uart.o(i.UART_TxISR_16BIT), (66 bytes).
    Removing stm32g0xx_hal_uart.o(i.UART_TxISR_16BIT_FIFOEN), (88 bytes).
    Removing stm32g0xx_hal_uart.o(i.UART_TxISR_8BIT), (62 bytes).
    Removing stm32g0xx_hal_uart.o(i.UART_TxISR_8BIT_FIFOEN), (84 bytes).
    Removing stm32g0xx_hal_uart_ex.o(.rev16_text), (4 bytes).
    Removing stm32g0xx_hal_uart_ex.o(.revsh_text), (4 bytes).
    Removing stm32g0xx_hal_uart_ex.o(i.HAL_MultiProcessorEx_AddressLength_Set), (54 bytes).
    Removing stm32g0xx_hal_uart_ex.o(i.HAL_RS485Ex_Init), (148 bytes).
    Removing stm32g0xx_hal_uart_ex.o(i.HAL_UARTEx_DisableStopMode), (34 bytes).
    Removing stm32g0xx_hal_uart_ex.o(i.HAL_UARTEx_EnableFifoMode), (66 bytes).
    Removing stm32g0xx_hal_uart_ex.o(i.HAL_UARTEx_EnableStopMode), (34 bytes).
    Removing stm32g0xx_hal_uart_ex.o(i.HAL_UARTEx_StopModeWakeUpSourceConfig), (160 bytes).
    Removing system_stm32g0xx.o(.rev16_text), (4 bytes).
    Removing system_stm32g0xx.o(.revsh_text), (4 bytes).
    Removing clock.o(i.rt_system_tick_init), (2 bytes).
    Removing clock.o(i.rt_tick_set), (24 bytes).
    Removing components.o(.rev16_text), (4 bytes).
    Removing components.o(.revsh_text), (4 bytes).
    Removing idle.o(i.rt_thread_idle_gethandler), (8 bytes).
    Removing ipc.o(i.rt_ipc_list_resume_all), (42 bytes).
    Removing ipc.o(i.rt_list_insert_before), (14 bytes).
    Removing ipc.o(i.rt_sem_control), (46 bytes).
    Removing ipc.o(i.rt_sem_detach), (20 bytes).
    Removing ipc.o(i.rt_sem_init), (32 bytes).
    Removing ipc.o(i.rt_sem_release), (54 bytes).
    Removing ipc.o(i.rt_sem_take), (180 bytes).
    Removing ipc.o(i.rt_sem_trytake), (10 bytes).
    Removing irq.o(i.rt_interrupt_get_nest), (12 bytes).
    Removing kservice.o(.rev16_text), (4 bytes).
    Removing kservice.o(.revsh_text), (4 bytes).
    Removing kservice.o(i._rt_errno), (32 bytes).
    Removing kservice.o(i.rt_get_errno), (32 bytes).
    Removing kservice.o(i.rt_kputs), (12 bytes).
    Removing kservice.o(i.rt_memcmp), (28 bytes).
    Removing kservice.o(i.rt_memcpy), (70 bytes).
    Removing kservice.o(i.rt_memmove), (46 bytes).
    Removing kservice.o(i.rt_set_errno), (36 bytes).
    Removing kservice.o(i.rt_snprintf), (20 bytes).
    Removing kservice.o(i.rt_sprintf), (20 bytes).
    Removing kservice.o(i.rt_strcasecmp), (42 bytes).
    Removing kservice.o(i.rt_strcmp), (26 bytes).
    Removing kservice.o(i.rt_strncmp), (36 bytes).
    Removing kservice.o(i.rt_strnlen), (22 bytes).
    Removing kservice.o(i.rt_strstr), (56 bytes).
    Removing kservice.o(i.rt_vsprintf), (16 bytes).
    Removing kservice.o(.data), (4 bytes).
    Removing object.o(i.rt_object_find), (70 bytes).
    Removing object.o(i.rt_object_get_type), (8 bytes).
    Removing object.o(i.rt_system_object_init), (2 bytes).
    Removing scheduler.o(i.rt_critical_level), (12 bytes).
    Removing thread.o(i.rt_thread_control), (82 bytes).
    Removing thread.o(i.rt_thread_delay), (8 bytes).
    Removing thread.o(i.rt_thread_detach), (88 bytes).
    Removing thread.o(i.rt_thread_find), (84 bytes).
    Removing timer.o(i.rt_timer_next_timeout_tick), (24 bytes).
    Removing cpuport.o(i.rt_hw_cpu_reset), (16 bytes).
    Removing stm32g0xx_hal_dma.o(i.__ARM_common_switch8), (26 bytes).

305 unused section(s) (total 16276 bytes) removed from the image.

==============================================================================

Image Symbol Table

    Local Symbols

    Symbol Name                              Value     Ov Type        Size  Object(Section)

    ../Drivers/STM32G0xx_HAL_Driver/Src/stm32g0xx_hal.c 0x00000000   Number         0  stm32g0xx_hal.o ABSOLUTE
    ../Drivers/STM32G0xx_HAL_Driver/Src/stm32g0xx_hal_cortex.c 0x00000000   Number         0  stm32g0xx_hal_cortex.o ABSOLUTE
    ../Drivers/STM32G0xx_HAL_Driver/Src/stm32g0xx_hal_dma.c 0x00000000   Number         0  stm32g0xx_hal_dma.o ABSOLUTE
    ../Drivers/STM32G0xx_HAL_Driver/Src/stm32g0xx_hal_dma_ex.c 0x00000000   Number         0  stm32g0xx_hal_dma_ex.o ABSOLUTE
    ../Drivers/STM32G0xx_HAL_Driver/Src/stm32g0xx_hal_exti.c 0x00000000   Number         0  stm32g0xx_hal_exti.o ABSOLUTE
    ../Drivers/STM32G0xx_HAL_Driver/Src/stm32g0xx_hal_flash.c 0x00000000   Number         0  stm32g0xx_hal_flash.o ABSOLUTE
    ../Drivers/STM32G0xx_HAL_Driver/Src/stm32g0xx_hal_flash_ex.c 0x00000000   Number         0  stm32g0xx_hal_flash_ex.o ABSOLUTE
    ../Drivers/STM32G0xx_HAL_Driver/Src/stm32g0xx_hal_gpio.c 0x00000000   Number         0  stm32g0xx_hal_gpio.o ABSOLUTE
    ../Drivers/STM32G0xx_HAL_Driver/Src/stm32g0xx_hal_pwr.c 0x00000000   Number         0  stm32g0xx_hal_pwr.o ABSOLUTE
    ../Drivers/STM32G0xx_HAL_Driver/Src/stm32g0xx_hal_pwr_ex.c 0x00000000   Number         0  stm32g0xx_hal_pwr_ex.o ABSOLUTE
    ../Drivers/STM32G0xx_HAL_Driver/Src/stm32g0xx_hal_rcc.c 0x00000000   Number         0  stm32g0xx_hal_rcc.o ABSOLUTE
    ../Drivers/STM32G0xx_HAL_Driver/Src/stm32g0xx_hal_rcc_ex.c 0x00000000   Number         0  stm32g0xx_hal_rcc_ex.o ABSOLUTE
    ../Drivers/STM32G0xx_HAL_Driver/Src/stm32g0xx_hal_tim.c 0x00000000   Number         0  stm32g0xx_hal_tim.o ABSOLUTE
    ../Drivers/STM32G0xx_HAL_Driver/Src/stm32g0xx_hal_tim_ex.c 0x00000000   Number         0  stm32g0xx_hal_tim_ex.o ABSOLUTE
    ../Drivers/STM32G0xx_HAL_Driver/Src/stm32g0xx_hal_uart.c 0x00000000   Number         0  stm32g0xx_hal_uart.o ABSOLUTE
    ../Drivers/STM32G0xx_HAL_Driver/Src/stm32g0xx_hal_uart_ex.c 0x00000000   Number         0  stm32g0xx_hal_uart_ex.o ABSOLUTE
    ../Drivers/STM32G0xx_HAL_Driver/Src/stm32g0xx_ll_rcc.c 0x00000000   Number         0  stm32g0xx_ll_rcc.o ABSOLUTE
    ../Middlewares/Third_Party/RT-Thread/bsp/board.c 0x00000000   Number         0  board.o ABSOLUTE
    ../Middlewares/Third_Party/RT-Thread/libcpu/arm/cortex-m0/context_rvds.S 0x00000000   Number         0  context_rvds.o ABSOLUTE
    ../Middlewares/Third_Party/RT-Thread/libcpu/arm/cortex-m0/cpuport.c 0x00000000   Number         0  cpuport.o ABSOLUTE
    ../Middlewares/Third_Party/RT-Thread/src/clock.c 0x00000000   Number         0  clock.o ABSOLUTE
    ../Middlewares/Third_Party/RT-Thread/src/components.c 0x00000000   Number         0  components.o ABSOLUTE
    ../Middlewares/Third_Party/RT-Thread/src/idle.c 0x00000000   Number         0  idle.o ABSOLUTE
    ../Middlewares/Third_Party/RT-Thread/src/ipc.c 0x00000000   Number         0  ipc.o ABSOLUTE
    ../Middlewares/Third_Party/RT-Thread/src/irq.c 0x00000000   Number         0  irq.o ABSOLUTE
    ../Middlewares/Third_Party/RT-Thread/src/kservice.c 0x00000000   Number         0  kservice.o ABSOLUTE
    ../Middlewares/Third_Party/RT-Thread/src/mem.c 0x00000000   Number         0  mem.o ABSOLUTE
    ../Middlewares/Third_Party/RT-Thread/src/object.c 0x00000000   Number         0  object.o ABSOLUTE
    ../Middlewares/Third_Party/RT-Thread/src/scheduler.c 0x00000000   Number         0  scheduler.o ABSOLUTE
    ../Middlewares/Third_Party/RT-Thread/src/thread.c 0x00000000   Number         0  thread.o ABSOLUTE
    ../Middlewares/Third_Party/RT-Thread/src/timer.c 0x00000000   Number         0  timer.o ABSOLUTE
    ../Src/app_rtthread.c                    0x00000000   Number         0  app_rtthread.o ABSOLUTE
    ../Src/gpio.c                            0x00000000   Number         0  gpio.o ABSOLUTE
    ../Src/main.c                            0x00000000   Number         0  main.o ABSOLUTE
    ../Src/stm32g0xx_hal_msp.c               0x00000000   Number         0  stm32g0xx_hal_msp.o ABSOLUTE
    ../Src/stm32g0xx_it.c                    0x00000000   Number         0  stm32g0xx_it.o ABSOLUTE
    ../Src/sys.c                             0x00000000   Number         0  sys.o ABSOLUTE
    ../Src/system_stm32g0xx.c                0x00000000   Number         0  system_stm32g0xx.o ABSOLUTE
    ../Src/usart.c                           0x00000000   Number         0  usart.o ABSOLUTE
    ../clib/microlib/division.c              0x00000000   Number         0  uidiv.o ABSOLUTE
    ../clib/microlib/division.c              0x00000000   Number         0  idiv.o ABSOLUTE
    ../clib/microlib/init/entry.s            0x00000000   Number         0  entry7b.o ABSOLUTE
    ../clib/microlib/init/entry.s            0x00000000   Number         0  entry2.o ABSOLUTE
    ../clib/microlib/init/entry.s            0x00000000   Number         0  entry7a.o ABSOLUTE
    ../clib/microlib/init/entry.s            0x00000000   Number         0  entry.o ABSOLUTE
    ../clib/microlib/init/entry.s            0x00000000   Number         0  entry8a.o ABSOLUTE
    ../clib/microlib/init/entry.s            0x00000000   Number         0  entry11b.o ABSOLUTE
    ../clib/microlib/init/entry.s            0x00000000   Number         0  entry11a.o ABSOLUTE
    ../clib/microlib/init/entry.s            0x00000000   Number         0  entry10a.o ABSOLUTE
    ../clib/microlib/init/entry.s            0x00000000   Number         0  entry8b.o ABSOLUTE
    ../clib/microlib/init/entry.s            0x00000000   Number         0  entry9a.o ABSOLUTE
    ../clib/microlib/init/entry.s            0x00000000   Number         0  entry10b.o ABSOLUTE
    ../clib/microlib/init/entry.s            0x00000000   Number         0  entry9b.o ABSOLUTE
    ../clib/microlib/init/entry.s            0x00000000   Number         0  entry5.o ABSOLUTE
    ../clib/microlib/string/memset.c         0x00000000   Number         0  memseta.o ABSOLUTE
    ..\Drivers\STM32G0xx_HAL_Driver\Src\stm32g0xx_hal.c 0x00000000   Number         0  stm32g0xx_hal.o ABSOLUTE
    ..\Drivers\STM32G0xx_HAL_Driver\Src\stm32g0xx_hal_cortex.c 0x00000000   Number         0  stm32g0xx_hal_cortex.o ABSOLUTE
    ..\Drivers\STM32G0xx_HAL_Driver\Src\stm32g0xx_hal_dma.c 0x00000000   Number         0  stm32g0xx_hal_dma.o ABSOLUTE
    ..\Drivers\STM32G0xx_HAL_Driver\Src\stm32g0xx_hal_dma_ex.c 0x00000000   Number         0  stm32g0xx_hal_dma_ex.o ABSOLUTE
    ..\Drivers\STM32G0xx_HAL_Driver\Src\stm32g0xx_hal_exti.c 0x00000000   Number         0  stm32g0xx_hal_exti.o ABSOLUTE
    ..\Drivers\STM32G0xx_HAL_Driver\Src\stm32g0xx_hal_flash.c 0x00000000   Number         0  stm32g0xx_hal_flash.o ABSOLUTE
    ..\Drivers\STM32G0xx_HAL_Driver\Src\stm32g0xx_hal_flash_ex.c 0x00000000   Number         0  stm32g0xx_hal_flash_ex.o ABSOLUTE
    ..\Drivers\STM32G0xx_HAL_Driver\Src\stm32g0xx_hal_gpio.c 0x00000000   Number         0  stm32g0xx_hal_gpio.o ABSOLUTE
    ..\Drivers\STM32G0xx_HAL_Driver\Src\stm32g0xx_hal_pwr.c 0x00000000   Number         0  stm32g0xx_hal_pwr.o ABSOLUTE
    ..\Drivers\STM32G0xx_HAL_Driver\Src\stm32g0xx_hal_pwr_ex.c 0x00000000   Number         0  stm32g0xx_hal_pwr_ex.o ABSOLUTE
    ..\Drivers\STM32G0xx_HAL_Driver\Src\stm32g0xx_hal_rcc.c 0x00000000   Number         0  stm32g0xx_hal_rcc.o ABSOLUTE
    ..\Drivers\STM32G0xx_HAL_Driver\Src\stm32g0xx_hal_rcc_ex.c 0x00000000   Number         0  stm32g0xx_hal_rcc_ex.o ABSOLUTE
    ..\Drivers\STM32G0xx_HAL_Driver\Src\stm32g0xx_hal_tim.c 0x00000000   Number         0  stm32g0xx_hal_tim.o ABSOLUTE
    ..\Drivers\STM32G0xx_HAL_Driver\Src\stm32g0xx_hal_tim_ex.c 0x00000000   Number         0  stm32g0xx_hal_tim_ex.o ABSOLUTE
    ..\Drivers\STM32G0xx_HAL_Driver\Src\stm32g0xx_hal_uart.c 0x00000000   Number         0  stm32g0xx_hal_uart.o ABSOLUTE
    ..\Drivers\STM32G0xx_HAL_Driver\Src\stm32g0xx_hal_uart_ex.c 0x00000000   Number         0  stm32g0xx_hal_uart_ex.o ABSOLUTE
    ..\Middlewares\Third_Party\RT-Thread\src\components.c 0x00000000   Number         0  components.o ABSOLUTE
    ..\Middlewares\Third_Party\RT-Thread\src\kservice.c 0x00000000   Number         0  kservice.o ABSOLUTE
    ..\Src\gpio.c                            0x00000000   Number         0  gpio.o ABSOLUTE
    ..\Src\led.c                             0x00000000   Number         0  led.o ABSOLUTE
    ..\Src\main.c                            0x00000000   Number         0  main.o ABSOLUTE
    ..\Src\stm32g0xx_hal_msp.c               0x00000000   Number         0  stm32g0xx_hal_msp.o ABSOLUTE
    ..\Src\stm32g0xx_it.c                    0x00000000   Number         0  stm32g0xx_it.o ABSOLUTE
    ..\Src\sys.c                             0x00000000   Number         0  sys.o ABSOLUTE
    ..\Src\system_stm32g0xx.c                0x00000000   Number         0  system_stm32g0xx.o ABSOLUTE
    ..\Src\usart.c                           0x00000000   Number         0  usart.o ABSOLUTE
    ..\\Src\\led.c                           0x00000000   Number         0  led.o ABSOLUTE
    dc.s                                     0x00000000   Number         0  dc.o ABSOLUTE
    handlers.s                               0x00000000   Number         0  handlers.o ABSOLUTE
    init.s                                   0x00000000   Number         0  init.o ABSOLUTE
    startup_stm32g070xx.s                    0x00000000   Number         0  startup_stm32g070xx.o ABSOLUTE
    RESET                                    0x08000000   Section      184  startup_stm32g070xx.o(RESET)
    .ARM.Collect$$$$00000000                 0x080000b8   Section        0  entry.o(.ARM.Collect$$$$00000000)
    .ARM.Collect$$$$00000001                 0x080000b8   Section        4  entry2.o(.ARM.Collect$$$$00000001)
    .ARM.Collect$$$$00000004                 0x080000bc   Section        4  entry5.o(.ARM.Collect$$$$00000004)
    .ARM.Collect$$$$00000008                 0x080000c0   Section        0  entry7b.o(.ARM.Collect$$$$00000008)
    .ARM.Collect$$$$0000000A                 0x080000c0   Section        0  entry8b.o(.ARM.Collect$$$$0000000A)
    .ARM.Collect$$$$0000000B                 0x080000c0   Section        8  entry9a.o(.ARM.Collect$$$$0000000B)
    .ARM.Collect$$$$0000000D                 0x080000c8   Section        0  entry10a.o(.ARM.Collect$$$$0000000D)
    .ARM.Collect$$$$0000000F                 0x080000c8   Section        0  entry11a.o(.ARM.Collect$$$$0000000F)
    .ARM.Collect$$$$00002712                 0x080000c8   Section        4  entry2.o(.ARM.Collect$$$$00002712)
    __lit__00000000                          0x080000c8   Data           4  entry2.o(.ARM.Collect$$$$00002712)
    .text                                    0x080000cc   Section       28  startup_stm32g070xx.o(.text)
    .text                                    0x080000e8   Section      216  context_rvds.o(.text)
    .text                                    0x080001c0   Section        0  uidiv.o(.text)
    .text                                    0x080001ec   Section        0  idiv.o(.text)
    .text                                    0x08000214   Section        0  memseta.o(.text)
    .text                                    0x08000238   Section       36  init.o(.text)
    i.$Sub$$main                             0x0800025c   Section        0  components.o(i.$Sub$$main)
    i.Error_Handler                          0x08000266   Section        0  main.o(i.Error_Handler)
    i.HAL_DMA_Abort_IT                       0x08000268   Section        0  stm32g0xx_hal_dma.o(i.HAL_DMA_Abort_IT)
    i.HAL_GPIO_Init                          0x080002e8   Section        0  stm32g0xx_hal_gpio.o(i.HAL_GPIO_Init)
    i.HAL_GPIO_TogglePin                     0x0800041c   Section        0  stm32g0xx_hal_gpio.o(i.HAL_GPIO_TogglePin)
    i.HAL_GPIO_WritePin                      0x0800042a   Section        0  stm32g0xx_hal_gpio.o(i.HAL_GPIO_WritePin)
    i.HAL_GetTick                            0x08000438   Section        0  stm32g0xx_hal.o(i.HAL_GetTick)
    i.HAL_NVIC_EnableIRQ                     0x08000444   Section        0  stm32g0xx_hal_cortex.o(i.HAL_NVIC_EnableIRQ)
    i.HAL_NVIC_SetPriority                   0x0800045c   Section        0  stm32g0xx_hal_cortex.o(i.HAL_NVIC_SetPriority)
    i.HAL_RCC_GetPCLK1Freq                   0x08000464   Section        0  stm32g0xx_hal_rcc.o(i.HAL_RCC_GetPCLK1Freq)
    i.HAL_RCC_GetSysClockFreq                0x0800048c   Section        0  stm32g0xx_hal_rcc.o(i.HAL_RCC_GetSysClockFreq)
    i.HAL_UARTEx_DisableFifoMode             0x08000518   Section        0  stm32g0xx_hal_uart_ex.o(i.HAL_UARTEx_DisableFifoMode)
    i.HAL_UARTEx_RxFifoFullCallback          0x0800055a   Section        0  stm32g0xx_hal_uart_ex.o(i.HAL_UARTEx_RxFifoFullCallback)
    i.HAL_UARTEx_SetRxFifoThreshold          0x0800055c   Section        0  stm32g0xx_hal_uart_ex.o(i.HAL_UARTEx_SetRxFifoThreshold)
    i.HAL_UARTEx_SetTxFifoThreshold          0x080005aa   Section        0  stm32g0xx_hal_uart_ex.o(i.HAL_UARTEx_SetTxFifoThreshold)
    i.HAL_UARTEx_TxFifoEmptyCallback         0x080005f6   Section        0  stm32g0xx_hal_uart_ex.o(i.HAL_UARTEx_TxFifoEmptyCallback)
    i.HAL_UARTEx_WakeupCallback              0x080005f8   Section        0  stm32g0xx_hal_uart_ex.o(i.HAL_UARTEx_WakeupCallback)
    i.HAL_UART_ErrorCallback                 0x080005fa   Section        0  stm32g0xx_hal_uart.o(i.HAL_UART_ErrorCallback)
    i.HAL_UART_IRQHandler                    0x080005fc   Section        0  stm32g0xx_hal_uart.o(i.HAL_UART_IRQHandler)
    i.HAL_UART_Init                          0x08000780   Section        0  stm32g0xx_hal_uart.o(i.HAL_UART_Init)
    i.HAL_UART_MspInit                       0x080007f0   Section        0  usart.o(i.HAL_UART_MspInit)
    i.HAL_UART_Transmit                      0x080008b0   Section        0  stm32g0xx_hal_uart.o(i.HAL_UART_Transmit)
    i.HAL_UART_TxCpltCallback                0x08000990   Section        0  stm32g0xx_hal_uart.o(i.HAL_UART_TxCpltCallback)
    i.LED_Toggle                             0x08000992   Section        0  led.o(i.LED_Toggle)
    i.MX_GPIO_Init                           0x080009a0   Section        0  gpio.o(i.MX_GPIO_Init)
    i.MX_USART1_UART_Init                    0x08000a00   Section        0  usart.o(i.MX_USART1_UART_Init)
    i.MX_USART2_UART_Init                    0x08000a68   Section        0  usart.o(i.MX_USART2_UART_Init)
    i.NMI_Handler                            0x08000ad0   Section        0  stm32g0xx_it.o(i.NMI_Handler)
    i.SVC_Handler                            0x08000ad2   Section        0  stm32g0xx_it.o(i.SVC_Handler)
    i.SysTick_Handler                        0x08000ad4   Section        0  board.o(i.SysTick_Handler)
    i.SystemCoreClockUpdate                  0x08000ae4   Section        0  system_stm32g0xx.o(i.SystemCoreClockUpdate)
    i.SystemInit                             0x08000b74   Section        0  system_stm32g0xx.o(i.SystemInit)
    i.UARTEx_SetNbDataToProcess              0x08000b84   Section        0  stm32g0xx_hal_uart_ex.o(i.UARTEx_SetNbDataToProcess)
    UARTEx_SetNbDataToProcess                0x08000b85   Thumb Code    80  stm32g0xx_hal_uart_ex.o(i.UARTEx_SetNbDataToProcess)
    i.UART_AdvFeatureConfig                  0x08000be4   Section        0  stm32g0xx_hal_uart.o(i.UART_AdvFeatureConfig)
    i.UART_CheckIdleState                    0x08000cb0   Section        0  stm32g0xx_hal_uart.o(i.UART_CheckIdleState)
    i.UART_DMAAbortOnError                   0x08000d14   Section        0  stm32g0xx_hal_uart.o(i.UART_DMAAbortOnError)
    UART_DMAAbortOnError                     0x08000d15   Thumb Code    20  stm32g0xx_hal_uart.o(i.UART_DMAAbortOnError)
    i.UART_EndRxTransfer                     0x08000d28   Section        0  stm32g0xx_hal_uart.o(i.UART_EndRxTransfer)
    UART_EndRxTransfer                       0x08000d29   Thumb Code    34  stm32g0xx_hal_uart.o(i.UART_EndRxTransfer)
    i.UART_SetConfig                         0x08000d50   Section        0  stm32g0xx_hal_uart.o(i.UART_SetConfig)
    i.UART_WaitOnFlagUntilTimeout            0x0800105c   Section        0  stm32g0xx_hal_uart.o(i.UART_WaitOnFlagUntilTimeout)
    i.USART1_IRQHandler                      0x080010c4   Section        0  stm32g0xx_it.o(i.USART1_IRQHandler)
    i.USART2_IRQHandler                      0x080010d4   Section        0  stm32g0xx_it.o(i.USART2_IRQHandler)
    i.User_USART_Init                        0x080010e4   Section        0  usart.o(i.User_USART_Init)
    i.__NVIC_SetPriority                     0x080010f0   Section        0  stm32g0xx_hal_cortex.o(i.__NVIC_SetPriority)
    __NVIC_SetPriority                       0x080010f1   Thumb Code    60  stm32g0xx_hal_cortex.o(i.__NVIC_SetPriority)
    i.__rt_ffs                               0x08001134   Section        0  kservice.o(i.__rt_ffs)
    i.__scatterload_copy                     0x08001174   Section       14  handlers.o(i.__scatterload_copy)
    i.__scatterload_null                     0x08001182   Section        2  handlers.o(i.__scatterload_null)
    i.__scatterload_zeroinit                 0x08001184   Section       14  handlers.o(i.__scatterload_zeroinit)
    i._has_defunct_thread                    0x08001194   Section        0  idle.o(i._has_defunct_thread)
    _has_defunct_thread                      0x08001195   Thumb Code    16  idle.o(i._has_defunct_thread)
    i._rt_thread_init                        0x080011a8   Section        0  thread.o(i._rt_thread_init)
    _rt_thread_init                          0x080011a9   Thumb Code   104  thread.o(i._rt_thread_init)
    i._rt_timer_remove                       0x08001218   Section        0  timer.o(i._rt_timer_remove)
    _rt_timer_remove                         0x08001219   Thumb Code    20  timer.o(i._rt_timer_remove)
    i.main                                   0x0800122c   Section        0  main.o(i.main)
    i.main_thread_entry                      0x08001264   Section        0  components.o(i.main_thread_entry)
    i.print_number                           0x08001270   Section        0  kservice.o(i.print_number)
    print_number                             0x08001271   Thumb Code   320  kservice.o(i.print_number)
    i.rt_application_init                    0x080013b4   Section        0  components.o(i.rt_application_init)
    i.rt_components_board_init               0x080013ec   Section        0  components.o(i.rt_components_board_init)
    i.rt_components_init                     0x08001408   Section        0  components.o(i.rt_components_init)
    i.rt_enter_critical                      0x08001424   Section        0  scheduler.o(i.rt_enter_critical)
    i.rt_exit_critical                       0x0800143c   Section        0  scheduler.o(i.rt_exit_critical)
    i.rt_hw_board_init                       0x08001470   Section        0  board.o(i.rt_hw_board_init)
    i.rt_hw_console_output                   0x080014b4   Section        0  kservice.o(i.rt_hw_console_output)
    i.rt_hw_hard_fault_exception             0x080014d4   Section        0  cpuport.o(i.rt_hw_hard_fault_exception)
    i.rt_hw_stack_init                       0x080015c4   Section        0  cpuport.o(i.rt_hw_stack_init)
    i.rt_interrupt_enter                     0x080015fc   Section        0  irq.o(i.rt_interrupt_enter)
    i.rt_interrupt_leave                     0x08001614   Section        0  irq.o(i.rt_interrupt_leave)
    i.rt_kprintf                             0x0800162c   Section        0  kservice.o(i.rt_kprintf)
    i.rt_list_insert_after                   0x08001650   Section        0  thread.o(i.rt_list_insert_after)
    rt_list_insert_after                     0x08001651   Thumb Code    14  thread.o(i.rt_list_insert_after)
    i.rt_list_insert_after                   0x0800165e   Section        0  timer.o(i.rt_list_insert_after)
    rt_list_insert_after                     0x0800165f   Thumb Code    14  timer.o(i.rt_list_insert_after)
    i.rt_list_remove                         0x0800166c   Section        0  thread.o(i.rt_list_remove)
    rt_list_remove                           0x0800166d   Thumb Code    18  thread.o(i.rt_list_remove)
    i.rt_memset                              0x0800167e   Section        0  kservice.o(i.rt_memset)
    i.rt_object_detach                       0x080016bc   Section        0  object.o(i.rt_object_detach)
    i.rt_object_get_information              0x080016e0   Section        0  object.o(i.rt_object_get_information)
    i.rt_object_init                         0x08001700   Section        0  object.o(i.rt_object_init)
    i.rt_object_is_systemobject              0x0800174e   Section        0  object.o(i.rt_object_is_systemobject)
    i.rt_schedule                            0x0800175c   Section        0  scheduler.o(i.rt_schedule)
    i.rt_schedule_insert_thread              0x080017b8   Section        0  scheduler.o(i.rt_schedule_insert_thread)
    i.rt_schedule_remove_thread              0x08001804   Section        0  scheduler.o(i.rt_schedule_remove_thread)
    i.rt_show_version                        0x08001848   Section        0  kservice.o(i.rt_show_version)
    i.rt_strlen                              0x080018fc   Section        0  kservice.o(i.rt_strlen)
    i.rt_strncpy                             0x0800190c   Section        0  kservice.o(i.rt_strncpy)
    i.rt_system_scheduler_init               0x08001934   Section        0  scheduler.o(i.rt_system_scheduler_init)
    i.rt_system_scheduler_start              0x08001968   Section        0  scheduler.o(i.rt_system_scheduler_start)
    i.rt_system_timer_init                   0x08001990   Section        0  timer.o(i.rt_system_timer_init)
    i.rt_system_timer_thread_init            0x0800199c   Section        0  timer.o(i.rt_system_timer_thread_init)
    i.rt_thread_exit                         0x080019a0   Section        0  thread.o(i.rt_thread_exit)
    i.rt_thread_idle_entry                   0x080019f8   Section        0  idle.o(i.rt_thread_idle_entry)
    rt_thread_idle_entry                     0x080019f9   Thumb Code     6  idle.o(i.rt_thread_idle_entry)
    i.rt_thread_idle_excute                  0x08001a00   Section        0  idle.o(i.rt_thread_idle_excute)
    i.rt_thread_idle_init                    0x08001a6c   Section        0  idle.o(i.rt_thread_idle_init)
    i.rt_thread_init                         0x08001aa0   Section        0  thread.o(i.rt_thread_init)
    i.rt_thread_mdelay                       0x08001aca   Section        0  thread.o(i.rt_thread_mdelay)
    i.rt_thread_resume                       0x08001ad6   Section        0  thread.o(i.rt_thread_resume)
    i.rt_thread_self                         0x08001b14   Section        0  thread.o(i.rt_thread_self)
    i.rt_thread_sleep                        0x08001b20   Section        0  thread.o(i.rt_thread_sleep)
    i.rt_thread_startup                      0x08001b60   Section        0  thread.o(i.rt_thread_startup)
    i.rt_thread_suspend                      0x08001b8c   Section        0  thread.o(i.rt_thread_suspend)
    i.rt_thread_timeout                      0x08001bcc   Section        0  thread.o(i.rt_thread_timeout)
    i.rt_thread_yield                        0x08001bec   Section        0  thread.o(i.rt_thread_yield)
    i.rt_tick_from_millisecond               0x08001c48   Section        0  clock.o(i.rt_tick_from_millisecond)
    i.rt_tick_get                            0x08001c78   Section        0  clock.o(i.rt_tick_get)
    i.rt_tick_increase                       0x08001c84   Section        0  clock.o(i.rt_tick_increase)
    i.rt_timer_check                         0x08001cac   Section        0  timer.o(i.rt_timer_check)
    i.rt_timer_control                       0x08001d10   Section        0  timer.o(i.rt_timer_control)
    i.rt_timer_detach                        0x08001d42   Section        0  timer.o(i.rt_timer_detach)
    i.rt_timer_init                          0x08001d62   Section        0  timer.o(i.rt_timer_init)
    i.rt_timer_start                         0x08001d90   Section        0  timer.o(i.rt_timer_start)
    i.rt_timer_stop                          0x08001e20   Section        0  timer.o(i.rt_timer_stop)
    i.rt_vsnprintf                           0x08001e50   Section        0  kservice.o(i.rt_vsnprintf)
    i.rti_board_end                          0x080020bc   Section        0  components.o(i.rti_board_end)
    rti_board_end                            0x080020bd   Thumb Code     4  components.o(i.rti_board_end)
    i.rti_board_start                        0x080020c0   Section        0  components.o(i.rti_board_start)
    rti_board_start                          0x080020c1   Thumb Code     4  components.o(i.rti_board_start)
    i.rti_end                                0x080020c4   Section        0  components.o(i.rti_end)
    rti_end                                  0x080020c5   Thumb Code     4  components.o(i.rti_end)
    i.rti_start                              0x080020c8   Section        0  components.o(i.rti_start)
    rti_start                                0x080020c9   Thumb Code     4  components.o(i.rti_start)
    i.rtthread_startup                       0x080020cc   Section        0  components.o(i.rtthread_startup)
    i.skip_atoi                              0x080020fa   Section        0  kservice.o(i.skip_atoi)
    skip_atoi                                0x080020fb   Thumb Code    32  kservice.o(i.skip_atoi)
    .constdata                               0x0800211c   Section       64  system_stm32g0xx.o(.constdata)
    .constdata                               0x0800215c   Section       32  system_stm32g0xx.o(.constdata)
    .constdata                               0x0800217c   Section      290  kservice.o(.constdata)
    small_digits                             0x0800227c   Data          17  kservice.o(.constdata)
    large_digits                             0x0800228d   Data          17  kservice.o(.constdata)
    .rti_fn.0                                0x080022a0   Section        4  components.o(.rti_fn.0)
    __tagsym$$used                           0x080022a0   Number         0  components.o(.rti_fn.0)
    .rti_fn.0.end                            0x080022a4   Section        4  components.o(.rti_fn.0.end)
    __tagsym$$used                           0x080022a4   Number         0  components.o(.rti_fn.0.end)
    .rti_fn.1.end                            0x080022a8   Section        4  components.o(.rti_fn.1.end)
    __tagsym$$used                           0x080022a8   Number         0  components.o(.rti_fn.1.end)
    .rti_fn.6.end                            0x080022ac   Section        4  components.o(.rti_fn.6.end)
    __tagsym$$used                           0x080022ac   Number         0  components.o(.rti_fn.6.end)
    .data                                    0x20000000   Section       12  stm32g0xx_hal.o(.data)
    .data                                    0x2000000c   Section        4  system_stm32g0xx.o(.data)
    .data                                    0x20000010   Section        4  clock.o(.data)
    rt_tick                                  0x20000010   Data           4  clock.o(.data)
    .data                                    0x20000014   Section        1  irq.o(.data)
    .data                                    0x20000018   Section       48  object.o(.data)
    rt_object_container                      0x20000018   Data          48  object.o(.data)
    .data                                    0x20000048   Section       20  scheduler.o(.data)
    rt_scheduler_lock_nest                   0x2000004a   Data           2  scheduler.o(.data)
    .data                                    0x2000005c   Section       12  timer.o(.data)
    random_nr                                0x2000005c   Data           4  timer.o(.data)
    rt_timer_list                            0x20000060   Data           8  timer.o(.data)
    .data                                    0x20000068   Section        4  cpuport.o(.data)
    .data                                    0x2000006c   Section        4  cpuport.o(.data)
    .data                                    0x20000070   Section        4  cpuport.o(.data)
    .bss                                     0x20000074   Section      280  usart.o(.bss)
    .bss                                     0x20000190   Section     2168  components.o(.bss)
    main_stack                               0x20000190   Data        2048  components.o(.bss)
    .bss                                     0x20000a08   Section      248  idle.o(.bss)
    idle                                     0x20000a08   Data         120  idle.o(.bss)
    rt_thread_stack                          0x20000a80   Data         128  idle.o(.bss)
    .bss                                     0x20000b00   Section      128  kservice.o(.bss)
    rt_log_buf                               0x20000b00   Data         128  kservice.o(.bss)
    .bss                                     0x20000b80   Section      256  scheduler.o(.bss)
    STACK                                    0x20000c80   Section     1024  startup_stm32g070xx.o(STACK)

    Global Symbols

    Symbol Name                              Value     Ov Type        Size  Object(Section)

    BuildAttributes$$THM_ISAv3M$S$PE$A:L22$X:L11$S22$IEEE1$IW$USESV6$~STKCKD$USESV7$~SHL$OSPACE$EBA8$MICROLIB$REQ8$PRES8$EABIv2 0x00000000   Number         0  anon$$obj.o ABSOLUTE
    __ARM_use_no_argv                        0x00000000   Number         0  main.o ABSOLUTE
    __cpp_initialize__aeabi_                  - Undefined Weak Reference
    __cxa_finalize                            - Undefined Weak Reference
    __decompress                              - Undefined Weak Reference
    _clock_init                               - Undefined Weak Reference
    _microlib_exit                            - Undefined Weak Reference
    __Vectors_Size                           0x000000b8   Number         0  startup_stm32g070xx.o ABSOLUTE
    __Vectors                                0x08000000   Data           4  startup_stm32g070xx.o(RESET)
    __Vectors_End                            0x080000b8   Data           0  startup_stm32g070xx.o(RESET)
    __main                                   0x080000b9   Thumb Code     0  entry.o(.ARM.Collect$$$$00000000)
    _main_stk                                0x080000b9   Thumb Code     0  entry2.o(.ARM.Collect$$$$00000001)
    _main_scatterload                        0x080000bd   Thumb Code     0  entry5.o(.ARM.Collect$$$$00000004)
    __main_after_scatterload                 0x080000c1   Thumb Code     0  entry5.o(.ARM.Collect$$$$00000004)
    _main_clock                              0x080000c1   Thumb Code     0  entry7b.o(.ARM.Collect$$$$00000008)
    _main_cpp_init                           0x080000c1   Thumb Code     0  entry8b.o(.ARM.Collect$$$$0000000A)
    _main_init                               0x080000c1   Thumb Code     0  entry9a.o(.ARM.Collect$$$$0000000B)
    __rt_final_cpp                           0x080000c9   Thumb Code     0  entry10a.o(.ARM.Collect$$$$0000000D)
    __rt_final_exit                          0x080000c9   Thumb Code     0  entry11a.o(.ARM.Collect$$$$0000000F)
    Reset_Handler                            0x080000cd   Thumb Code     8  startup_stm32g070xx.o(.text)
    ADC1_IRQHandler                          0x080000df   Thumb Code     0  startup_stm32g070xx.o(.text)
    DMA1_Ch4_7_DMAMUX1_OVR_IRQHandler        0x080000df   Thumb Code     0  startup_stm32g070xx.o(.text)
    DMA1_Channel1_IRQHandler                 0x080000df   Thumb Code     0  startup_stm32g070xx.o(.text)
    DMA1_Channel2_3_IRQHandler               0x080000df   Thumb Code     0  startup_stm32g070xx.o(.text)
    EXTI0_1_IRQHandler                       0x080000df   Thumb Code     0  startup_stm32g070xx.o(.text)
    EXTI2_3_IRQHandler                       0x080000df   Thumb Code     0  startup_stm32g070xx.o(.text)
    EXTI4_15_IRQHandler                      0x080000df   Thumb Code     0  startup_stm32g070xx.o(.text)
    FLASH_IRQHandler                         0x080000df   Thumb Code     0  startup_stm32g070xx.o(.text)
    I2C1_IRQHandler                          0x080000df   Thumb Code     0  startup_stm32g070xx.o(.text)
    I2C2_IRQHandler                          0x080000df   Thumb Code     0  startup_stm32g070xx.o(.text)
    RCC_IRQHandler                           0x080000df   Thumb Code     0  startup_stm32g070xx.o(.text)
    RTC_TAMP_IRQHandler                      0x080000df   Thumb Code     0  startup_stm32g070xx.o(.text)
    SPI1_IRQHandler                          0x080000df   Thumb Code     0  startup_stm32g070xx.o(.text)
    SPI2_IRQHandler                          0x080000df   Thumb Code     0  startup_stm32g070xx.o(.text)
    TIM14_IRQHandler                         0x080000df   Thumb Code     0  startup_stm32g070xx.o(.text)
    TIM15_IRQHandler                         0x080000df   Thumb Code     0  startup_stm32g070xx.o(.text)
    TIM16_IRQHandler                         0x080000df   Thumb Code     0  startup_stm32g070xx.o(.text)
    TIM17_IRQHandler                         0x080000df   Thumb Code     0  startup_stm32g070xx.o(.text)
    TIM1_BRK_UP_TRG_COM_IRQHandler           0x080000df   Thumb Code     0  startup_stm32g070xx.o(.text)
    TIM1_CC_IRQHandler                       0x080000df   Thumb Code     0  startup_stm32g070xx.o(.text)
    TIM3_IRQHandler                          0x080000df   Thumb Code     0  startup_stm32g070xx.o(.text)
    TIM6_IRQHandler                          0x080000df   Thumb Code     0  startup_stm32g070xx.o(.text)
    TIM7_IRQHandler                          0x080000df   Thumb Code     0  startup_stm32g070xx.o(.text)
    USART3_4_IRQHandler                      0x080000df   Thumb Code     0  startup_stm32g070xx.o(.text)
    WWDG_IRQHandler                          0x080000df   Thumb Code     0  startup_stm32g070xx.o(.text)
    rt_hw_interrupt_disable                  0x080000e9   Thumb Code     8  context_rvds.o(.text)
    rt_hw_interrupt_enable                   0x080000f1   Thumb Code     6  context_rvds.o(.text)
    rt_hw_context_switch                     0x080000f7   Thumb Code    28  context_rvds.o(.text)
    rt_hw_context_switch_interrupt           0x080000f7   Thumb Code     0  context_rvds.o(.text)
    PendSV_Handler                           0x08000113   Thumb Code    84  context_rvds.o(.text)
    rt_hw_context_switch_to                  0x08000167   Thumb Code    44  context_rvds.o(.text)
    rt_hw_interrupt_thread_switch            0x08000193   Thumb Code     2  context_rvds.o(.text)
    HardFault_Handler                        0x08000195   Thumb Code    12  context_rvds.o(.text)
    __aeabi_uidiv                            0x080001c1   Thumb Code     0  uidiv.o(.text)
    __aeabi_uidivmod                         0x080001c1   Thumb Code    44  uidiv.o(.text)
    __aeabi_idiv                             0x080001ed   Thumb Code     0  idiv.o(.text)
    __aeabi_idivmod                          0x080001ed   Thumb Code    40  idiv.o(.text)
    __aeabi_memset                           0x08000215   Thumb Code    14  memseta.o(.text)
    __aeabi_memset4                          0x08000215   Thumb Code     0  memseta.o(.text)
    __aeabi_memset8                          0x08000215   Thumb Code     0  memseta.o(.text)
    __aeabi_memclr                           0x08000223   Thumb Code     4  memseta.o(.text)
    __aeabi_memclr4                          0x08000223   Thumb Code     0  memseta.o(.text)
    __aeabi_memclr8                          0x08000223   Thumb Code     0  memseta.o(.text)
    _memset$wrapper                          0x08000227   Thumb Code    18  memseta.o(.text)
    __scatterload                            0x08000239   Thumb Code    28  init.o(.text)
    __scatterload_rt2                        0x08000239   Thumb Code     0  init.o(.text)
    main                                     0x0800025d   Thumb Code    10  components.o(i.$Sub$$main)
    Error_Handler                            0x08000267   Thumb Code     2  main.o(i.Error_Handler)
    HAL_DMA_Abort_IT                         0x08000269   Thumb Code   122  stm32g0xx_hal_dma.o(i.HAL_DMA_Abort_IT)
    HAL_GPIO_Init                            0x080002e9   Thumb Code   292  stm32g0xx_hal_gpio.o(i.HAL_GPIO_Init)
    HAL_GPIO_TogglePin                       0x0800041d   Thumb Code    14  stm32g0xx_hal_gpio.o(i.HAL_GPIO_TogglePin)
    HAL_GPIO_WritePin                        0x0800042b   Thumb Code    12  stm32g0xx_hal_gpio.o(i.HAL_GPIO_WritePin)
    HAL_GetTick                              0x08000439   Thumb Code     6  stm32g0xx_hal.o(i.HAL_GetTick)
    HAL_NVIC_EnableIRQ                       0x08000445   Thumb Code    18  stm32g0xx_hal_cortex.o(i.HAL_NVIC_EnableIRQ)
    HAL_NVIC_SetPriority                     0x0800045d   Thumb Code     8  stm32g0xx_hal_cortex.o(i.HAL_NVIC_SetPriority)
    HAL_RCC_GetPCLK1Freq                     0x08000465   Thumb Code    26  stm32g0xx_hal_rcc.o(i.HAL_RCC_GetPCLK1Freq)
    HAL_RCC_GetSysClockFreq                  0x0800048d   Thumb Code   130  stm32g0xx_hal_rcc.o(i.HAL_RCC_GetSysClockFreq)
    HAL_UARTEx_DisableFifoMode               0x08000519   Thumb Code    66  stm32g0xx_hal_uart_ex.o(i.HAL_UARTEx_DisableFifoMode)
    HAL_UARTEx_RxFifoFullCallback            0x0800055b   Thumb Code     2  stm32g0xx_hal_uart_ex.o(i.HAL_UARTEx_RxFifoFullCallback)
    HAL_UARTEx_SetRxFifoThreshold            0x0800055d   Thumb Code    78  stm32g0xx_hal_uart_ex.o(i.HAL_UARTEx_SetRxFifoThreshold)
    HAL_UARTEx_SetTxFifoThreshold            0x080005ab   Thumb Code    76  stm32g0xx_hal_uart_ex.o(i.HAL_UARTEx_SetTxFifoThreshold)
    HAL_UARTEx_TxFifoEmptyCallback           0x080005f7   Thumb Code     2  stm32g0xx_hal_uart_ex.o(i.HAL_UARTEx_TxFifoEmptyCallback)
    HAL_UARTEx_WakeupCallback                0x080005f9   Thumb Code     2  stm32g0xx_hal_uart_ex.o(i.HAL_UARTEx_WakeupCallback)
    HAL_UART_ErrorCallback                   0x080005fb   Thumb Code     2  stm32g0xx_hal_uart.o(i.HAL_UART_ErrorCallback)
    HAL_UART_IRQHandler                      0x080005fd   Thumb Code   380  stm32g0xx_hal_uart.o(i.HAL_UART_IRQHandler)
    HAL_UART_Init                            0x08000781   Thumb Code   112  stm32g0xx_hal_uart.o(i.HAL_UART_Init)
    HAL_UART_MspInit                         0x080007f1   Thumb Code   174  usart.o(i.HAL_UART_MspInit)
    HAL_UART_Transmit                        0x080008b1   Thumb Code   224  stm32g0xx_hal_uart.o(i.HAL_UART_Transmit)
    HAL_UART_TxCpltCallback                  0x08000991   Thumb Code     2  stm32g0xx_hal_uart.o(i.HAL_UART_TxCpltCallback)
    LED_Toggle                               0x08000993   Thumb Code    14  led.o(i.LED_Toggle)
    MX_GPIO_Init                             0x080009a1   Thumb Code    92  gpio.o(i.MX_GPIO_Init)
    MX_USART1_UART_Init                      0x08000a01   Thumb Code    96  usart.o(i.MX_USART1_UART_Init)
    MX_USART2_UART_Init                      0x08000a69   Thumb Code    96  usart.o(i.MX_USART2_UART_Init)
    NMI_Handler                              0x08000ad1   Thumb Code     2  stm32g0xx_it.o(i.NMI_Handler)
    SVC_Handler                              0x08000ad3   Thumb Code     2  stm32g0xx_it.o(i.SVC_Handler)
    SysTick_Handler                          0x08000ad5   Thumb Code    16  board.o(i.SysTick_Handler)
    SystemCoreClockUpdate                    0x08000ae5   Thumb Code   126  system_stm32g0xx.o(i.SystemCoreClockUpdate)
    SystemInit                               0x08000b75   Thumb Code    10  system_stm32g0xx.o(i.SystemInit)
    UART_AdvFeatureConfig                    0x08000be5   Thumb Code   202  stm32g0xx_hal_uart.o(i.UART_AdvFeatureConfig)
    UART_CheckIdleState                      0x08000cb1   Thumb Code    94  stm32g0xx_hal_uart.o(i.UART_CheckIdleState)
    UART_SetConfig                           0x08000d51   Thumb Code   744  stm32g0xx_hal_uart.o(i.UART_SetConfig)
    UART_WaitOnFlagUntilTimeout              0x0800105d   Thumb Code   102  stm32g0xx_hal_uart.o(i.UART_WaitOnFlagUntilTimeout)
    USART1_IRQHandler                        0x080010c5   Thumb Code    10  stm32g0xx_it.o(i.USART1_IRQHandler)
    USART2_IRQHandler                        0x080010d5   Thumb Code    10  stm32g0xx_it.o(i.USART2_IRQHandler)
    User_USART_Init                          0x080010e5   Thumb Code    12  usart.o(i.User_USART_Init)
    __rt_ffs                                 0x08001135   Thumb Code    60  kservice.o(i.__rt_ffs)
    __scatterload_copy                       0x08001175   Thumb Code    14  handlers.o(i.__scatterload_copy)
    __scatterload_null                       0x08001183   Thumb Code     2  handlers.o(i.__scatterload_null)
    __scatterload_zeroinit                   0x08001185   Thumb Code    14  handlers.o(i.__scatterload_zeroinit)
    $Super$$main                             0x0800122d   Thumb Code    26  main.o(i.main)
    main_thread_entry                        0x08001265   Thumb Code    12  components.o(i.main_thread_entry)
    rt_application_init                      0x080013b5   Thumb Code    40  components.o(i.rt_application_init)
    rt_components_board_init                 0x080013ed   Thumb Code    20  components.o(i.rt_components_board_init)
    rt_components_init                       0x08001409   Thumb Code    20  components.o(i.rt_components_init)
    rt_enter_critical                        0x08001425   Thumb Code    20  scheduler.o(i.rt_enter_critical)
    rt_exit_critical                         0x0800143d   Thumb Code    46  scheduler.o(i.rt_exit_critical)
    rt_hw_board_init                         0x08001471   Thumb Code    50  board.o(i.rt_hw_board_init)
    rt_hw_console_output                     0x080014b5   Thumb Code    22  kservice.o(i.rt_hw_console_output)
    rt_hw_hard_fault_exception               0x080014d5   Thumb Code    78  cpuport.o(i.rt_hw_hard_fault_exception)
    rt_hw_stack_init                         0x080015c5   Thumb Code    50  cpuport.o(i.rt_hw_stack_init)
    rt_interrupt_enter                       0x080015fd   Thumb Code    20  irq.o(i.rt_interrupt_enter)
    rt_interrupt_leave                       0x08001615   Thumb Code    20  irq.o(i.rt_interrupt_leave)
    rt_kprintf                               0x0800162d   Thumb Code    30  kservice.o(i.rt_kprintf)
    rt_memset                                0x0800167f   Thumb Code    62  kservice.o(i.rt_memset)
    rt_object_detach                         0x080016bd   Thumb Code    36  object.o(i.rt_object_detach)
    rt_object_get_information                0x080016e1   Thumb Code    28  object.o(i.rt_object_get_information)
    rt_object_init                           0x08001701   Thumb Code    78  object.o(i.rt_object_init)
    rt_object_is_systemobject                0x0800174f   Thumb Code    14  object.o(i.rt_object_is_systemobject)
    rt_schedule                              0x0800175d   Thumb Code    80  scheduler.o(i.rt_schedule)
    rt_schedule_insert_thread                0x080017b9   Thumb Code    66  scheduler.o(i.rt_schedule_insert_thread)
    rt_schedule_remove_thread                0x08001805   Thumb Code    60  scheduler.o(i.rt_schedule_remove_thread)
    rt_show_version                          0x08001849   Thumb Code    38  kservice.o(i.rt_show_version)
    rt_strlen                                0x080018fd   Thumb Code    16  kservice.o(i.rt_strlen)
    rt_strncpy                               0x0800190d   Thumb Code    40  kservice.o(i.rt_strncpy)
    rt_system_scheduler_init                 0x08001935   Thumb Code    44  scheduler.o(i.rt_system_scheduler_init)
    rt_system_scheduler_start                0x08001969   Thumb Code    30  scheduler.o(i.rt_system_scheduler_start)
    rt_system_timer_init                     0x08001991   Thumb Code     8  timer.o(i.rt_system_timer_init)
    rt_system_timer_thread_init              0x0800199d   Thumb Code     2  timer.o(i.rt_system_timer_thread_init)
    rt_thread_exit                           0x080019a1   Thumb Code    78  thread.o(i.rt_thread_exit)
    rt_thread_idle_excute                    0x08001a01   Thumb Code   104  idle.o(i.rt_thread_idle_excute)
    rt_thread_idle_init                      0x08001a6d   Thumb Code    36  idle.o(i.rt_thread_idle_init)
    rt_thread_init                           0x08001aa1   Thumb Code    42  thread.o(i.rt_thread_init)
    rt_thread_mdelay                         0x08001acb   Thumb Code    12  thread.o(i.rt_thread_mdelay)
    rt_thread_resume                         0x08001ad7   Thumb Code    60  thread.o(i.rt_thread_resume)
    rt_thread_self                           0x08001b15   Thumb Code     6  thread.o(i.rt_thread_self)
    rt_thread_sleep                          0x08001b21   Thumb Code    60  thread.o(i.rt_thread_sleep)
    rt_thread_startup                        0x08001b61   Thumb Code    40  thread.o(i.rt_thread_startup)
    rt_thread_suspend                        0x08001b8d   Thumb Code    64  thread.o(i.rt_thread_suspend)
    rt_thread_timeout                        0x08001bcd   Thumb Code    30  thread.o(i.rt_thread_timeout)
    rt_thread_yield                          0x08001bed   Thumb Code    84  thread.o(i.rt_thread_yield)
    rt_tick_from_millisecond                 0x08001c49   Thumb Code    46  clock.o(i.rt_tick_from_millisecond)
    rt_tick_get                              0x08001c79   Thumb Code     6  clock.o(i.rt_tick_get)
    rt_tick_increase                         0x08001c85   Thumb Code    36  clock.o(i.rt_tick_increase)
    rt_timer_check                           0x08001cad   Thumb Code    92  timer.o(i.rt_timer_check)
    rt_timer_control                         0x08001d11   Thumb Code    50  timer.o(i.rt_timer_control)
    rt_timer_detach                          0x08001d43   Thumb Code    32  timer.o(i.rt_timer_detach)
    rt_timer_init                            0x08001d63   Thumb Code    44  timer.o(i.rt_timer_init)
    rt_timer_start                           0x08001d91   Thumb Code   134  timer.o(i.rt_timer_start)
    rt_timer_stop                            0x08001e21   Thumb Code    46  timer.o(i.rt_timer_stop)
    rt_vsnprintf                             0x08001e51   Thumb Code   610  kservice.o(i.rt_vsnprintf)
    rtthread_startup                         0x080020cd   Thumb Code    46  components.o(i.rtthread_startup)
    AHBPrescTable                            0x0800211c   Data          64  system_stm32g0xx.o(.constdata)
    APBPrescTable                            0x0800215c   Data          32  system_stm32g0xx.o(.constdata)
    __lowest_bit_bitmap                      0x0800217c   Data         256  kservice.o(.constdata)
    __rt_init_rti_start                      0x080022a0   Data           4  components.o(.rti_fn.0)
    __rt_init_rti_board_start                0x080022a4   Data           4  components.o(.rti_fn.0.end)
    __rt_init_rti_board_end                  0x080022a8   Data           4  components.o(.rti_fn.1.end)
    __rt_init_rti_end                        0x080022ac   Data           4  components.o(.rti_fn.6.end)
    Region$$Table$$Base                      0x080022b0   Number         0  anon$$obj.o(Region$$Table)
    Region$$Table$$Limit                     0x080022d0   Number         0  anon$$obj.o(Region$$Table)
    uwTickPrio                               0x20000000   Data           4  stm32g0xx_hal.o(.data)
    uwTickFreq                               0x20000004   Data           4  stm32g0xx_hal.o(.data)
    uwTick                                   0x20000008   Data           4  stm32g0xx_hal.o(.data)
    SystemCoreClock                          0x2000000c   Data           4  system_stm32g0xx.o(.data)
    rt_interrupt_nest                        0x20000014   Data           1  irq.o(.data)
    rt_current_priority                      0x20000048   Data           1  scheduler.o(.data)
    rt_current_thread                        0x2000004c   Data           4  scheduler.o(.data)
    rt_thread_ready_priority_group           0x20000050   Data           4  scheduler.o(.data)
    rt_thread_defunct                        0x20000054   Data           8  scheduler.o(.data)
    rt_interrupt_from_thread                 0x20000068   Data           4  cpuport.o(.data)
    rt_interrupt_to_thread                   0x2000006c   Data           4  cpuport.o(.data)
    rt_thread_switch_interrupt_flag          0x20000070   Data           4  cpuport.o(.data)
    huart1                                   0x20000074   Data         140  usart.o(.bss)
    huart2                                   0x20000100   Data         140  usart.o(.bss)
    main_thread                              0x20000990   Data         120  components.o(.bss)
    rt_thread_priority_table                 0x20000b80   Data         256  scheduler.o(.bss)
    __initial_sp                             0x20001080   Data           0  startup_stm32g070xx.o(STACK)



==============================================================================

Memory Map of the image

  Image Entry point : 0x080000b9

  Load Region LR_IROM1 (Base: 0x08000000, Size: 0x00002344, Max: 0x00020000, ABSOLUTE)

    Execution Region ER_IROM1 (Exec base: 0x08000000, Load base: 0x08000000, Size: 0x000022d0, Max: 0x00020000, ABSOLUTE)

    Exec Addr    Load Addr    Size         Type   Attr      Idx    E Section Name        Object

    0x08000000   0x08000000   0x000000b8   Data   RO            3    RESET               startup_stm32g070xx.o
    0x080000b8   0x080000b8   0x00000000   Code   RO         2787  * .ARM.Collect$$$$00000000  mc_p.l(entry.o)
    0x080000b8   0x080000b8   0x00000004   Code   RO         2796    .ARM.Collect$$$$00000001  mc_p.l(entry2.o)
    0x080000bc   0x080000bc   0x00000004   Code   RO         2799    .ARM.Collect$$$$00000004  mc_p.l(entry5.o)
    0x080000c0   0x080000c0   0x00000000   Code   RO         2801    .ARM.Collect$$$$00000008  mc_p.l(entry7b.o)
    0x080000c0   0x080000c0   0x00000000   Code   RO         2803    .ARM.Collect$$$$0000000A  mc_p.l(entry8b.o)
    0x080000c0   0x080000c0   0x00000008   Code   RO         2804    .ARM.Collect$$$$0000000B  mc_p.l(entry9a.o)
    0x080000c8   0x080000c8   0x00000000   Code   RO         2806    .ARM.Collect$$$$0000000D  mc_p.l(entry10a.o)
    0x080000c8   0x080000c8   0x00000000   Code   RO         2808    .ARM.Collect$$$$0000000F  mc_p.l(entry11a.o)
    0x080000c8   0x080000c8   0x00000004   Code   RO         2797    .ARM.Collect$$$$00002712  mc_p.l(entry2.o)
    0x080000cc   0x080000cc   0x0000001c   Code   RO            4    .text               startup_stm32g070xx.o
    0x080000e8   0x080000e8   0x000000d8   Code   RO         2026    .text               context_rvds.o
    0x080001c0   0x080001c0   0x0000002c   Code   RO         2790    .text               mc_p.l(uidiv.o)
    0x080001ec   0x080001ec   0x00000028   Code   RO         2792    .text               mc_p.l(idiv.o)
    0x08000214   0x08000214   0x00000024   Code   RO         2794    .text               mc_p.l(memseta.o)
    0x08000238   0x08000238   0x00000024   Code   RO         2810    .text               mc_p.l(init.o)
    0x0800025c   0x0800025c   0x0000000a   Code   RO         2092    i.$Sub$$main        components.o
    0x08000266   0x08000266   0x00000002   Code   RO           12    i.Error_Handler     main.o
    0x08000268   0x08000268   0x00000080   Code   RO          796    i.HAL_DMA_Abort_IT  stm32g0xx_hal_dma.o
    0x080002e8   0x080002e8   0x00000134   Code   RO          387    i.HAL_GPIO_Init     stm32g0xx_hal_gpio.o
    0x0800041c   0x0800041c   0x0000000e   Code   RO          390    i.HAL_GPIO_TogglePin  stm32g0xx_hal_gpio.o
    0x0800042a   0x0800042a   0x0000000c   Code   RO          391    i.HAL_GPIO_WritePin  stm32g0xx_hal_gpio.o
    0x08000436   0x08000436   0x00000002   PAD
    0x08000438   0x08000438   0x0000000c   Code   RO         1256    i.HAL_GetTick       stm32g0xx_hal.o
    0x08000444   0x08000444   0x00000018   Code   RO         1140    i.HAL_NVIC_EnableIRQ  stm32g0xx_hal_cortex.o
    0x0800045c   0x0800045c   0x00000008   Code   RO         1144    i.HAL_NVIC_SetPriority  stm32g0xx_hal_cortex.o
    0x08000464   0x08000464   0x00000028   Code   RO          460    i.HAL_RCC_GetPCLK1Freq  stm32g0xx_hal_rcc.o
    0x0800048c   0x0800048c   0x0000008c   Code   RO          461    i.HAL_RCC_GetSysClockFreq  stm32g0xx_hal_rcc.o
    0x08000518   0x08000518   0x00000042   Code   RO         1905    i.HAL_UARTEx_DisableFifoMode  stm32g0xx_hal_uart_ex.o
    0x0800055a   0x0800055a   0x00000002   Code   RO         1909    i.HAL_UARTEx_RxFifoFullCallback  stm32g0xx_hal_uart_ex.o
    0x0800055c   0x0800055c   0x0000004e   Code   RO         1910    i.HAL_UARTEx_SetRxFifoThreshold  stm32g0xx_hal_uart_ex.o
    0x080005aa   0x080005aa   0x0000004c   Code   RO         1911    i.HAL_UARTEx_SetTxFifoThreshold  stm32g0xx_hal_uart_ex.o
    0x080005f6   0x080005f6   0x00000002   Code   RO         1913    i.HAL_UARTEx_TxFifoEmptyCallback  stm32g0xx_hal_uart_ex.o
    0x080005f8   0x080005f8   0x00000002   Code   RO         1914    i.HAL_UARTEx_WakeupCallback  stm32g0xx_hal_uart_ex.o
    0x080005fa   0x080005fa   0x00000002   Code   RO         1553    i.HAL_UART_ErrorCallback  stm32g0xx_hal_uart.o
    0x080005fc   0x080005fc   0x00000184   Code   RO         1556    i.HAL_UART_IRQHandler  stm32g0xx_hal_uart.o
    0x08000780   0x08000780   0x00000070   Code   RO         1557    i.HAL_UART_Init     stm32g0xx_hal_uart.o
    0x080007f0   0x080007f0   0x000000c0   Code   RO          240    i.HAL_UART_MspInit  usart.o
    0x080008b0   0x080008b0   0x000000e0   Code   RO         1565    i.HAL_UART_Transmit  stm32g0xx_hal_uart.o
    0x08000990   0x08000990   0x00000002   Code   RO         1568    i.HAL_UART_TxCpltCallback  stm32g0xx_hal_uart.o
    0x08000992   0x08000992   0x0000000e   Code   RO          351    i.LED_Toggle        led.o
    0x080009a0   0x080009a0   0x00000060   Code   RO          178    i.MX_GPIO_Init      gpio.o
    0x08000a00   0x08000a00   0x00000068   Code   RO          241    i.MX_USART1_UART_Init  usart.o
    0x08000a68   0x08000a68   0x00000068   Code   RO          242    i.MX_USART2_UART_Init  usart.o
    0x08000ad0   0x08000ad0   0x00000002   Code   RO          289    i.NMI_Handler       stm32g0xx_it.o
    0x08000ad2   0x08000ad2   0x00000002   Code   RO          290    i.SVC_Handler       stm32g0xx_it.o
    0x08000ad4   0x08000ad4   0x00000010   Code   RO         2030    i.SysTick_Handler   board.o
    0x08000ae4   0x08000ae4   0x00000090   Code   RO         1994    i.SystemCoreClockUpdate  system_stm32g0xx.o
    0x08000b74   0x08000b74   0x00000010   Code   RO         1995    i.SystemInit        system_stm32g0xx.o
    0x08000b84   0x08000b84   0x00000060   Code   RO         1915    i.UARTEx_SetNbDataToProcess  stm32g0xx_hal_uart_ex.o
    0x08000be4   0x08000be4   0x000000ca   Code   RO         1570    i.UART_AdvFeatureConfig  stm32g0xx_hal_uart.o
    0x08000cae   0x08000cae   0x00000002   PAD
    0x08000cb0   0x08000cb0   0x00000064   Code   RO         1571    i.UART_CheckIdleState  stm32g0xx_hal_uart.o
    0x08000d14   0x08000d14   0x00000014   Code   RO         1572    i.UART_DMAAbortOnError  stm32g0xx_hal_uart.o
    0x08000d28   0x08000d28   0x00000028   Code   RO         1582    i.UART_EndRxTransfer  stm32g0xx_hal_uart.o
    0x08000d50   0x08000d50   0x0000030c   Code   RO         1588    i.UART_SetConfig    stm32g0xx_hal_uart.o
    0x0800105c   0x0800105c   0x00000066   Code   RO         1593    i.UART_WaitOnFlagUntilTimeout  stm32g0xx_hal_uart.o
    0x080010c2   0x080010c2   0x00000002   PAD
    0x080010c4   0x080010c4   0x00000010   Code   RO          291    i.USART1_IRQHandler  stm32g0xx_it.o
    0x080010d4   0x080010d4   0x00000010   Code   RO          292    i.USART2_IRQHandler  stm32g0xx_it.o
    0x080010e4   0x080010e4   0x0000000c   Code   RO          243    i.User_USART_Init   usart.o
    0x080010f0   0x080010f0   0x00000044   Code   RO         1150    i.__NVIC_SetPriority  stm32g0xx_hal_cortex.o
    0x08001134   0x08001134   0x00000040   Code   RO         2291    i.__rt_ffs          kservice.o
    0x08001174   0x08001174   0x0000000e   Code   RO         2814    i.__scatterload_copy  mc_p.l(handlers.o)
    0x08001182   0x08001182   0x00000002   Code   RO         2815    i.__scatterload_null  mc_p.l(handlers.o)
    0x08001184   0x08001184   0x0000000e   Code   RO         2816    i.__scatterload_zeroinit  mc_p.l(handlers.o)
    0x08001192   0x08001192   0x00000002   PAD
    0x08001194   0x08001194   0x00000014   Code   RO         2167    i._has_defunct_thread  idle.o
    0x080011a8   0x080011a8   0x00000070   Code   RO         2574    i._rt_thread_init   thread.o
    0x08001218   0x08001218   0x00000014   Code   RO         2682    i._rt_timer_remove  timer.o
    0x0800122c   0x0800122c   0x00000038   Code   RO           14    i.main              main.o
    0x08001264   0x08001264   0x0000000c   Code   RO         2093    i.main_thread_entry  components.o
    0x08001270   0x08001270   0x00000144   Code   RO         2293    i.print_number      kservice.o
    0x080013b4   0x080013b4   0x00000038   Code   RO         2094    i.rt_application_init  components.o
    0x080013ec   0x080013ec   0x0000001c   Code   RO         2095    i.rt_components_board_init  components.o
    0x08001408   0x08001408   0x0000001c   Code   RO         2096    i.rt_components_init  components.o
    0x08001424   0x08001424   0x00000018   Code   RO         2513    i.rt_enter_critical  scheduler.o
    0x0800143c   0x0800143c   0x00000034   Code   RO         2514    i.rt_exit_critical  scheduler.o
    0x08001470   0x08001470   0x00000044   Code   RO         2031    i.rt_hw_board_init  board.o
    0x080014b4   0x080014b4   0x00000020   Code   RO         2295    i.rt_hw_console_output  kservice.o
    0x080014d4   0x080014d4   0x000000f0   Code   RO         2758    i.rt_hw_hard_fault_exception  cpuport.o
    0x080015c4   0x080015c4   0x00000038   Code   RO         2759    i.rt_hw_stack_init  cpuport.o
    0x080015fc   0x080015fc   0x00000018   Code   RO         2262    i.rt_interrupt_enter  irq.o
    0x08001614   0x08001614   0x00000018   Code   RO         2264    i.rt_interrupt_leave  irq.o
    0x0800162c   0x0800162c   0x00000024   Code   RO         2296    i.rt_kprintf        kservice.o
    0x08001650   0x08001650   0x0000000e   Code   RO         2575    i.rt_list_insert_after  thread.o
    0x0800165e   0x0800165e   0x0000000e   Code   RO         2683    i.rt_list_insert_after  timer.o
    0x0800166c   0x0800166c   0x00000012   Code   RO         2576    i.rt_list_remove    thread.o
    0x0800167e   0x0800167e   0x0000003e   Code   RO         2301    i.rt_memset         kservice.o
    0x080016bc   0x080016bc   0x00000024   Code   RO         2459    i.rt_object_detach  object.o
    0x080016e0   0x080016e0   0x00000020   Code   RO         2461    i.rt_object_get_information  object.o
    0x08001700   0x08001700   0x0000004e   Code   RO         2463    i.rt_object_init    object.o
    0x0800174e   0x0800174e   0x0000000e   Code   RO         2464    i.rt_object_is_systemobject  object.o
    0x0800175c   0x0800175c   0x0000005c   Code   RO         2515    i.rt_schedule       scheduler.o
    0x080017b8   0x080017b8   0x0000004c   Code   RO         2516    i.rt_schedule_insert_thread  scheduler.o
    0x08001804   0x08001804   0x00000044   Code   RO         2517    i.rt_schedule_remove_thread  scheduler.o
    0x08001848   0x08001848   0x000000b4   Code   RO         2303    i.rt_show_version   kservice.o
    0x080018fc   0x080018fc   0x00000010   Code   RO         2308    i.rt_strlen         kservice.o
    0x0800190c   0x0800190c   0x00000028   Code   RO         2310    i.rt_strncpy        kservice.o
    0x08001934   0x08001934   0x00000034   Code   RO         2518    i.rt_system_scheduler_init  scheduler.o
    0x08001968   0x08001968   0x00000028   Code   RO         2519    i.rt_system_scheduler_start  scheduler.o
    0x08001990   0x08001990   0x0000000c   Code   RO         2684    i.rt_system_timer_init  timer.o
    0x0800199c   0x0800199c   0x00000002   Code   RO         2685    i.rt_system_timer_thread_init  timer.o
    0x0800199e   0x0800199e   0x00000002   PAD
    0x080019a0   0x080019a0   0x00000058   Code   RO         2580    i.rt_thread_exit    thread.o
    0x080019f8   0x080019f8   0x00000006   Code   RO         2168    i.rt_thread_idle_entry  idle.o
    0x080019fe   0x080019fe   0x00000002   PAD
    0x08001a00   0x08001a00   0x0000006c   Code   RO         2169    i.rt_thread_idle_excute  idle.o
    0x08001a6c   0x08001a6c   0x00000034   Code   RO         2171    i.rt_thread_idle_init  idle.o
    0x08001aa0   0x08001aa0   0x0000002a   Code   RO         2582    i.rt_thread_init    thread.o
    0x08001aca   0x08001aca   0x0000000c   Code   RO         2583    i.rt_thread_mdelay  thread.o
    0x08001ad6   0x08001ad6   0x0000003c   Code   RO         2584    i.rt_thread_resume  thread.o
    0x08001b12   0x08001b12   0x00000002   PAD
    0x08001b14   0x08001b14   0x0000000c   Code   RO         2585    i.rt_thread_self    thread.o
    0x08001b20   0x08001b20   0x00000040   Code   RO         2586    i.rt_thread_sleep   thread.o
    0x08001b60   0x08001b60   0x0000002c   Code   RO         2587    i.rt_thread_startup  thread.o
    0x08001b8c   0x08001b8c   0x00000040   Code   RO         2588    i.rt_thread_suspend  thread.o
    0x08001bcc   0x08001bcc   0x0000001e   Code   RO         2589    i.rt_thread_timeout  thread.o
    0x08001bea   0x08001bea   0x00000002   PAD
    0x08001bec   0x08001bec   0x0000005c   Code   RO         2590    i.rt_thread_yield   thread.o
    0x08001c48   0x08001c48   0x0000002e   Code   RO         2053    i.rt_tick_from_millisecond  clock.o
    0x08001c76   0x08001c76   0x00000002   PAD
    0x08001c78   0x08001c78   0x0000000c   Code   RO         2054    i.rt_tick_get       clock.o
    0x08001c84   0x08001c84   0x00000028   Code   RO         2055    i.rt_tick_increase  clock.o
    0x08001cac   0x08001cac   0x00000064   Code   RO         2686    i.rt_timer_check    timer.o
    0x08001d10   0x08001d10   0x00000032   Code   RO         2687    i.rt_timer_control  timer.o
    0x08001d42   0x08001d42   0x00000020   Code   RO         2688    i.rt_timer_detach   timer.o
    0x08001d62   0x08001d62   0x0000002c   Code   RO         2689    i.rt_timer_init     timer.o
    0x08001d8e   0x08001d8e   0x00000002   PAD
    0x08001d90   0x08001d90   0x00000090   Code   RO         2691    i.rt_timer_start    timer.o
    0x08001e20   0x08001e20   0x0000002e   Code   RO         2692    i.rt_timer_stop     timer.o
    0x08001e4e   0x08001e4e   0x00000002   PAD
    0x08001e50   0x08001e50   0x0000026c   Code   RO         2313    i.rt_vsnprintf      kservice.o
    0x080020bc   0x080020bc   0x00000004   Code   RO         2097    i.rti_board_end     components.o
    0x080020c0   0x080020c0   0x00000004   Code   RO         2098    i.rti_board_start   components.o
    0x080020c4   0x080020c4   0x00000004   Code   RO         2099    i.rti_end           components.o
    0x080020c8   0x080020c8   0x00000004   Code   RO         2100    i.rti_start         components.o
    0x080020cc   0x080020cc   0x0000002e   Code   RO         2101    i.rtthread_startup  components.o
    0x080020fa   0x080020fa   0x00000020   Code   RO         2315    i.skip_atoi         kservice.o
    0x0800211a   0x0800211a   0x00000002   PAD
    0x0800211c   0x0800211c   0x00000040   Data   RO         1996    .constdata          system_stm32g0xx.o
    0x0800215c   0x0800215c   0x00000020   Data   RO         1997    .constdata          system_stm32g0xx.o
    0x0800217c   0x0800217c   0x00000122   Data   RO         2317    .constdata          kservice.o
    0x0800229e   0x0800229e   0x00000002   PAD
    0x080022a0   0x080022a0   0x00000004   Data   RO         2103    .rti_fn.0           components.o
    0x080022a4   0x080022a4   0x00000004   Data   RO         2104    .rti_fn.0.end       components.o
    0x080022a8   0x080022a8   0x00000004   Data   RO         2105    .rti_fn.1.end       components.o
    0x080022ac   0x080022ac   0x00000004   Data   RO         2106    .rti_fn.6.end       components.o
    0x080022b0   0x080022b0   0x00000020   Data   RO         2812    Region$$Table       anon$$obj.o


    Execution Region RW_IRAM1 (Exec base: 0x20000000, Load base: 0x080022d0, Size: 0x00001080, Max: 0x00009000, ABSOLUTE)

    Exec Addr    Load Addr    Size         Type   Attr      Idx    E Section Name        Object

    0x20000000   0x080022d0   0x0000000c   Data   RW         1275    .data               stm32g0xx_hal.o
    0x2000000c   0x080022dc   0x00000004   Data   RW         1998    .data               system_stm32g0xx.o
    0x20000010   0x080022e0   0x00000004   Data   RW         2057    .data               clock.o
    0x20000014   0x080022e4   0x00000001   Data   RW         2265    .data               irq.o
    0x20000015   0x080022e5   0x00000003   PAD
    0x20000018   0x080022e8   0x00000030   Data   RW         2466    .data               object.o
    0x20000048   0x08002318   0x00000014   Data   RW         2521    .data               scheduler.o
    0x2000005c   0x0800232c   0x0000000c   Data   RW         2693    .data               timer.o
    0x20000068   0x08002338   0x00000004   Data   RW         2760    .data               cpuport.o
    0x2000006c   0x0800233c   0x00000004   Data   RW         2761    .data               cpuport.o
    0x20000070   0x08002340   0x00000004   Data   RW         2762    .data               cpuport.o
    0x20000074        -       0x00000118   Zero   RW          244    .bss                usart.o
    0x2000018c   0x08002344   0x00000004   PAD
    0x20000190        -       0x00000878   Zero   RW         2102    .bss                components.o
    0x20000a08        -       0x000000f8   Zero   RW         2172    .bss                idle.o
    0x20000b00        -       0x00000080   Zero   RW         2316    .bss                kservice.o
    0x20000b80        -       0x00000100   Zero   RW         2520    .bss                scheduler.o
    0x20000c80        -       0x00000400   Zero   RW            1    STACK               startup_stm32g070xx.o


==============================================================================

Image component sizes


      Code (inc. data)   RO Data    RW Data    ZI Data      Debug   Object Name

        84         18          0          0          0       1843   board.o
        98         10          0          4          0       1848   clock.o
       196         32         16          0       2168       5992   components.o
       216         32          0          0          0        812   context_rvds.o
       296        168          0         12          0       3114   cpuport.o
        96          4          0          0          0        835   gpio.o
       186         24          0          0        248       5594   idle.o
        48          8          0          1          0       1658   irq.o
      1406        176        290          0        128      11279   kservice.o
        14          0          0          0          0        397   led.o
        58         30          0          0          0     361163   main.o
       160          4          0         48          0       6244   object.o
       404         58          0         20        256       8054   scheduler.o
        28          8        184          0       1024        612   startup_stm32g070xx.o
        12          6          0         12          0       1469   stm32g0xx_hal.o
       100         14          0          0          0      11252   stm32g0xx_hal_cortex.o
       128          6          0          0          0       1135   stm32g0xx_hal_dma.o
       334         16          0          0          0       2733   stm32g0xx_hal_gpio.o
       180         24          0          0          0      17447   stm32g0xx_hal_rcc.o
      1972         56          0          0          0       9846   stm32g0xx_hal_uart.o
       322         16          0          0          0       5062   stm32g0xx_hal_uart_ex.o
        36         12          0          0          0       1628   stm32g0xx_it.o
       160         24         96          4          0       1787   system_stm32g0xx.o
       652         40          0          0          0      11050   thread.o
       464         22          0         12          0       9820   timer.o
       412         34          0          0        280       2629   usart.o

    ----------------------------------------------------------------------
      8084        842        620        116       4108     485303   Object Totals
         0          0         32          0          0          0   (incl. Generated)
        22          0          2          3          4          0   (incl. Padding)

    ----------------------------------------------------------------------

      Code (inc. data)   RO Data    RW Data    ZI Data      Debug   Library Member Name

         0          0          0          0          0          0   entry.o
         0          0          0          0          0          0   entry10a.o
         0          0          0          0          0          0   entry11a.o
         8          4          0          0          0          0   entry2.o
         4          0          0          0          0          0   entry5.o
         0          0          0          0          0          0   entry7b.o
         0          0          0          0          0          0   entry8b.o
         8          4          0          0          0          0   entry9a.o
        30          0          0          0          0          0   handlers.o
        40          0          0          0          0         72   idiv.o
        36          8          0          0          0         68   init.o
        36          0          0          0          0        100   memseta.o
        44          0          0          0          0         72   uidiv.o

    ----------------------------------------------------------------------
       208         16          0          0          0        312   Library Totals
         2          0          0          0          0          0   (incl. Padding)

    ----------------------------------------------------------------------

      Code (inc. data)   RO Data    RW Data    ZI Data      Debug   Library Name

       206         16          0          0          0        312   mc_p.l

    ----------------------------------------------------------------------
       208         16          0          0          0        312   Library Totals

    ----------------------------------------------------------------------

==============================================================================


      Code (inc. data)   RO Data    RW Data    ZI Data      Debug   

      8292        858        620        116       4108     481051   Grand Totals
      8292        858        620        116       4108     481051   ELF Image Totals
      8292        858        620        116          0          0   ROM Totals

==============================================================================

    Total RO  Size (Code + RO Data)                 8912 (   8.70kB)
    Total RW  Size (RW Data + ZI Data)              4224 (   4.13kB)
    Total ROM Size (Code + RO Data + RW Data)       9028 (   8.82kB)

==============================================================================

